Archive member included to satisfy reference by file (symbol)

/Applications/Marmalade.app/Contents/s3e/edk/lib/android/libedk.a(edk_helpers.o)
                              release/PresageEDK_platform.os (s3eEdkThreadRunOnOS)
/Applications/Marmalade.app/Contents/s3e/edk/lib/android/libedk.a(android_edk_marker.o)
                              (libplaceholderplaceholderplaceholderplaceholderplaceholder)

Discarded input sections

 .note.GNU-stack
                0x0000000000000000        0x0 /Users/marmalade/Public/android-ndk-r12/platforms/android-14/arch-arm/usr/lib/crtbegin_so.o
 .group         0x0000000000000000        0x8 release/PresageEDK_platform.os
 .group         0x0000000000000000        0x8 release/PresageEDK_platform.os
 .note.GNU-stack
                0x0000000000000000        0x0 release/PresageEDK_platform.os
 .note.GNU-stack
                0x0000000000000000        0x0 release/PresageEDK.os
 .note.GNU-stack
                0x0000000000000000        0x0 release/PresageEDK_register.os
 .note.GNU-stack
                0x0000000000000000        0x0 /Applications/Marmalade.app/Contents/s3e/edk/lib/android/libedk.a(edk_helpers.o)
 .note.GNU-stack
                0x0000000000000000        0x0 /Applications/Marmalade.app/Contents/s3e/edk/lib/android/libedk.a(android_edk_marker.o)
 .note.GNU-stack
                0x0000000000000000        0x0 /Users/marmalade/Public/android-ndk-r12/platforms/android-14/arch-arm/usr/lib/crtend_so.o

Memory Configuration

Name             Origin             Length             Attributes
*default*        0x0000000000000000 0xffffffffffffffff

Linker script and memory map

LOAD /Users/marmalade/Public/android-ndk-r12/platforms/android-14/arch-arm/usr/lib/crtbegin_so.o
LOAD release/PresageEDK_platform.os
LOAD release/PresageEDK.os
LOAD release/PresageEDK_register.os
LOAD /Applications/Marmalade.app/Contents/s3e/edk/lib/android/libedk.a
LOAD /Applications/Marmalade.app/Contents/s3e/edk/lib/android/libs3e_android.so
LOAD /Users/marmalade/Public/android-ndk-r12/platforms/android-14/arch-arm/usr/lib/liblog.so
LOAD /Users/marmalade/Public/android-ndk-r12/toolchains/arm-linux-androideabi-4.9/prebuilt/darwin-x86_64/bin/../lib/gcc/arm-linux-androideabi/4.9.x/libgcc.a
LOAD /Users/marmalade/Public/android-ndk-r12/sources/cxx-stl/gnu-libstdc++/4.9/libs/armeabi/libgnustl_static.a
LOAD /Users/marmalade/Public/android-ndk-r12/platforms/android-14/arch-arm/usr/lib/libstdc++.so
LOAD /Users/marmalade/Public/android-ndk-r12/platforms/android-14/arch-arm/usr/lib/libm.so
LOAD /Users/marmalade/Public/android-ndk-r12/platforms/android-14/arch-arm/usr/lib/libc.so
LOAD /Users/marmalade/Public/android-ndk-r12/toolchains/arm-linux-androideabi-4.9/prebuilt/darwin-x86_64/bin/../lib/gcc/arm-linux-androideabi/4.9.x/libgcc.a
LOAD /Users/marmalade/Public/android-ndk-r12/platforms/android-14/arch-arm/usr/lib/libc.so
LOAD /Users/marmalade/Public/android-ndk-r12/platforms/android-14/arch-arm/usr/lib/libdl.so
LOAD /Users/marmalade/Public/android-ndk-r12/toolchains/arm-linux-androideabi-4.9/prebuilt/darwin-x86_64/bin/../lib/gcc/arm-linux-androideabi/4.9.x/libgcc.a
LOAD /Users/marmalade/Public/android-ndk-r12/platforms/android-14/arch-arm/usr/lib/crtend_so.o
                0x00000000000000d4                . = (0x0 + SIZEOF_HEADERS)

.note.gnu.build-id
 *(.note.gnu.build-id)

.hash           0x00000000000000d4       0xa4
 *(.hash)
 .hash          0x00000000000000d4       0xa4 /Users/marmalade/Public/android-ndk-r12/platforms/android-14/arch-arm/usr/lib/crtbegin_so.o

.gnu.hash
 *(.gnu.hash)

.dynsym         0x0000000000000178      0x160
 *(.dynsym)
 .dynsym        0x0000000000000178      0x160 /Users/marmalade/Public/android-ndk-r12/platforms/android-14/arch-arm/usr/lib/crtbegin_so.o

.dynstr         0x00000000000002d8      0x191
 *(.dynstr)
 .dynstr        0x00000000000002d8      0x191 /Users/marmalade/Public/android-ndk-r12/platforms/android-14/arch-arm/usr/lib/crtbegin_so.o

.gnu.version    0x000000000000046a       0x2c
 *(.gnu.version)
 .gnu.version   0x000000000000046a       0x2c /Users/marmalade/Public/android-ndk-r12/platforms/android-14/arch-arm/usr/lib/crtbegin_so.o

.gnu.version_d  0x0000000000000498        0x0
 *(.gnu.version_d)
 .gnu.version_d
                0x0000000000000498        0x0 /Users/marmalade/Public/android-ndk-r12/platforms/android-14/arch-arm/usr/lib/crtbegin_so.o

.gnu.version_r  0x0000000000000498       0x20
 *(.gnu.version_r)
 .gnu.version_r
                0x0000000000000498       0x20 /Users/marmalade/Public/android-ndk-r12/platforms/android-14/arch-arm/usr/lib/crtbegin_so.o

.rel.dyn        0x00000000000004b8      0x100
 *(.rel.init)
 *(.rel.text .rel.text.* .rel.gnu.linkonce.t.*)
 *(.rel.fini)
 *(.rel.rodata .rel.rodata.* .rel.gnu.linkonce.r.*)
 *(.rel.data.rel.ro .rel.data.rel.ro.* .rel.gnu.linkonce.d.rel.ro.*)
 .rel.data.rel.ro.local
                0x00000000000004b8       0xc0 /Users/marmalade/Public/android-ndk-r12/platforms/android-14/arch-arm/usr/lib/crtbegin_so.o
 *(.rel.data .rel.data.* .rel.gnu.linkonce.d.*)
 *(.rel.tdata .rel.tdata.* .rel.gnu.linkonce.td.*)
 *(.rel.tbss .rel.tbss.* .rel.gnu.linkonce.tb.*)
 *(.rel.ctors)
 *(.rel.dtors)
 *(.rel.got)
 .rel.got       0x0000000000000578       0x38 /Users/marmalade/Public/android-ndk-r12/platforms/android-14/arch-arm/usr/lib/crtbegin_so.o
 *(.rel.bss .rel.bss.* .rel.gnu.linkonce.b.*)
 *(.rel.iplt)
 .rel.iplt      0x00000000000005b0        0x0 /Users/marmalade/Public/android-ndk-r12/platforms/android-14/arch-arm/usr/lib/crtbegin_so.o
 .rel.fini_array
                0x00000000000005b0        0x8 /Users/marmalade/Public/android-ndk-r12/platforms/android-14/arch-arm/usr/lib/crtbegin_so.o

.rela.dyn
 *(.rela.init)
 *(.rela.text .rela.text.* .rela.gnu.linkonce.t.*)
 *(.rela.fini)
 *(.rela.rodata .rela.rodata.* .rela.gnu.linkonce.r.*)
 *(.rela.data .rela.data.* .rela.gnu.linkonce.d.*)
 *(.rela.tdata .rela.tdata.* .rela.gnu.linkonce.td.*)
 *(.rela.tbss .rela.tbss.* .rela.gnu.linkonce.tb.*)
 *(.rela.ctors)
 *(.rela.dtors)
 *(.rela.got)
 *(.rela.bss .rela.bss.* .rela.gnu.linkonce.b.*)
 *(.rela.iplt)

.rel.plt        0x00000000000005b8       0x50
 *(.rel.plt)
 .rel.plt       0x00000000000005b8       0x50 /Users/marmalade/Public/android-ndk-r12/platforms/android-14/arch-arm/usr/lib/crtbegin_so.o

.rela.plt
 *(.rela.plt)

.init
 *(SORT(.init))

.plt            0x0000000000000608       0x8c
 *(.plt)
 .plt           0x0000000000000608       0x8c /Users/marmalade/Public/android-ndk-r12/platforms/android-14/arch-arm/usr/lib/crtbegin_so.o

.iplt           0x0000000000000694        0x0
 *(.iplt)
 .iplt          0x0000000000000694        0x0 /Users/marmalade/Public/android-ndk-r12/platforms/android-14/arch-arm/usr/lib/crtbegin_so.o

.text           0x0000000000000694      0xab0
 *(.text.unlikely .text.*_unlikely .text.unlikely.*)
 *(.text.exit .text.exit.*)
 .text.exit     0x0000000000000694       0x10 /Users/marmalade/Public/android-ndk-r12/platforms/android-14/arch-arm/usr/lib/crtbegin_so.o
                0x0000000000000694                __on_dlclose
 *(.text.startup .text.startup.*)
 *(.text.hot .text.hot.*)
 *(.text .stub .text.* .gnu.linkonce.t.*)
 .text          0x00000000000006a4       0x2c /Users/marmalade/Public/android-ndk-r12/platforms/android-14/arch-arm/usr/lib/crtbegin_so.o
                0x00000000000006a4                __atexit_handler_wrapper
                0x00000000000006b0                atexit
 .text          0x00000000000006d0      0x6e0 release/PresageEDK_platform.os
                0x0000000000000948                PresageEDKInit_platform()
                0x0000000000000bc4                PresageEDKTerminate_platform()
                0x0000000000000c20                PresageStart_platform()
                0x0000000000000c70                PresageAdToServe_platform()
                0x0000000000000cc0                PresageLaunchEula_platform()
                0x0000000000000d10                PresageLoadAd_platform()
                0x0000000000000d60                PresageShowAd_platform()
 .text._ZN7_JNIEnv9NewObjectEP7_jclassP10_jmethodIDz
                0x0000000000000db0       0x38 release/PresageEDK_platform.os
                0x0000000000000db0                _JNIEnv::NewObject(_jclass*, _jmethodID*, ...)
 .text._ZN7_JNIEnv14CallVoidMethodEP8_jobjectP10_jmethodIDz
                0x0000000000000de8       0x38 release/PresageEDK_platform.os
                0x0000000000000de8                _JNIEnv::CallVoidMethod(_jobject*, _jmethodID*, ...)
 .text          0x0000000000000e20       0x1c release/PresageEDK.os
                0x0000000000000e20                PresageEDKInit()
                0x0000000000000e24                PresageEDKTerminate()
                0x0000000000000e28                PresageStart
                0x0000000000000e2c                PresageAdToServe
                0x0000000000000e30                PresageLoadAd
                0x0000000000000e34                PresageShowAd
                0x0000000000000e38                PresageLaunchEula
 .text          0x0000000000000e3c      0x274 release/PresageEDK_register.os
                0x0000000000000e3c                PresageEDKRegister
                0x0000000000000e6c                PresageEDKUnRegister
                0x0000000000000f00                PresageEDKRegisterExt()
                0x0000000000000fd8                RegisterExt
 .text          0x00000000000010b0        0x0 /Applications/Marmalade.app/Contents/s3e/edk/lib/android/libedk.a(edk_helpers.o)
 .text.s3eEdkErrorSetString
                0x00000000000010b0       0x30 /Applications/Marmalade.app/Contents/s3e/edk/lib/android/libedk.a(edk_helpers.o)
                0x00000000000010b0                s3eEdkErrorSetString
 .text.s3eEdkThreadRunOnOS
                0x00000000000010e0       0x30 /Applications/Marmalade.app/Contents/s3e/edk/lib/android/libedk.a(edk_helpers.o)
                0x00000000000010e0                s3eEdkThreadRunOnOS
 .text.s3eEdkThreadRunOnOSAsync
                0x0000000000001110       0x30 /Applications/Marmalade.app/Contents/s3e/edk/lib/android/libedk.a(edk_helpers.o)
                0x0000000000001110                s3eEdkThreadRunOnOSAsync
 .text          0x0000000000001140        0x0 /Applications/Marmalade.app/Contents/s3e/edk/lib/android/libedk.a(android_edk_marker.o)
 .text.libplaceholderplaceholderplaceholderplaceholderplaceholder
                0x0000000000001140        0x4 /Applications/Marmalade.app/Contents/s3e/edk/lib/android/libedk.a(android_edk_marker.o)
                0x0000000000001140                libplaceholderplaceholderplaceholderplaceholderplaceholder
 .text          0x0000000000001144        0x0 /Users/marmalade/Public/android-ndk-r12/platforms/android-14/arch-arm/usr/lib/crtend_so.o
 *(.gnu.warning)
 *(.glue_7t)
 .glue_7t       0x0000000000001144        0x0 linker stubs
 *(.glue_7)
 .glue_7        0x0000000000001144        0x0 linker stubs
 *(.vfp11_veneer)
 .vfp11_veneer  0x0000000000001144        0x0 linker stubs
 *(.v4_bx)
 .v4_bx         0x0000000000001144        0x0 linker stubs

.fini
 *(SORT(.fini))
                0x0000000000001144                PROVIDE (__etext, .)
                0x0000000000001144                PROVIDE (_etext, .)
                0x0000000000001144                PROVIDE (etext, .)

.rodata         0x0000000000001144      0x10c
 *(.rodata .rodata.* .gnu.linkonce.r.*)
 .rodata.str1.4
                0x0000000000001144      0x10c release/PresageEDK_platform.os
 .rodata.str1.4
                0x0000000000001250        0xc release/PresageEDK_register.os

.rodata1
 *(.rodata1)

.ARM.extab
 *(.ARM.extab* .gnu.linkonce.armextab.*)
                0x000000000000125c                PROVIDE (__exidx_start, .)

.ARM.exidx
 *(.ARM.exidx* .gnu.linkonce.armexidx.*)
                0x000000000000125c                PROVIDE (__exidx_end, .)

.eh_frame_hdr   0x0000000000001250        0x0
 *(.eh_frame_hdr)
 .eh_frame_hdr  0x0000000000001250        0x0 /Users/marmalade/Public/android-ndk-r12/platforms/android-14/arch-arm/usr/lib/crtend_so.o

.eh_frame
 *(.eh_frame)

.gcc_except_table
 *(.gcc_except_table .gcc_except_table.*)

.exception_ranges
 *(.exception_ranges .exception_ranges*)
                0x0000000000010000                . = ALIGN (0x10000)
                0x0000000000010e34                . = DATA_SEGMENT_ALIGN (0x10000, 0x1000)

.eh_frame
 *(.eh_frame)

.gcc_except_table
 *(.gcc_except_table .gcc_except_table.*)

.exception_ranges
 *(.exception_ranges .exception_ranges*)

.tdata
 *(.tdata .tdata.* .gnu.linkonce.td.*)

.tbss
 *(.tbss .tbss.* .gnu.linkonce.tb.*)
 *(.tcommon)
                0x0000000000010e34                . = ALIGN (0x4)

.preinit_array
 *(.preinit_array)

.init_array     0x0000000000010e34        0x4
 *crtbegin*.o(.init_array)
 *(SORT(.init_array.*) SORT(.ctors.*))
 *(.init_array EXCLUDE_FILE(*crtend*.o *crtend.o *crtbegin*.o *crtbegin.o) .ctors)
 .init_array    0x0000000000010e34        0x4 /Users/marmalade/Public/android-ndk-r12/platforms/android-14/arch-arm/usr/lib/crtend_so.o

.fini_array     0x0000000000010e38        0x8
 *crtbegin*.o(.fini_array)
 .fini_array    0x0000000000010e38        0x4 /Users/marmalade/Public/android-ndk-r12/platforms/android-14/arch-arm/usr/lib/crtbegin_so.o
 *(SORT(.fini_array.*) SORT(.dtors.*))
 *(.fini_array EXCLUDE_FILE(*crtend*.o *crtend.o *crtbegin*.o *crtbegin.o) .dtors)
 .fini_array    0x0000000000010e3c        0x4 /Users/marmalade/Public/android-ndk-r12/platforms/android-14/arch-arm/usr/lib/crtend_so.o

.ctors
 *crtbegin.o(.ctors)
 *crtbegin*.o(.ctors)
 *(EXCLUDE_FILE(*crtend*.o *crtend.o) .ctors)
 *(SORT(.ctors.*))
 *(.ctors)

.dtors
 *crtbegin.o(.dtors)
 *crtbegin*.o(.dtors)
 *(EXCLUDE_FILE(*crtend*.o *crtend.o) .dtors)
 *(SORT(.dtors.*))
 *(.dtors)

.jcr
 *(.jcr)

.data.rel.ro    0x0000000000010e40       0x60
 *(.data.rel.ro.local* .gnu.linkonce.d.rel.ro.local.*)
 .data.rel.ro.local
                0x0000000000010e40       0x60 release/PresageEDK_platform.os
 *(.data.rel.ro .data.rel.ro.* .gnu.linkonce.d.rel.ro.*)

.dynamic        0x0000000000010ea0      0x110
 *(.dynamic)
 .dynamic       0x0000000000010ea0      0x110 /Users/marmalade/Public/android-ndk-r12/platforms/android-14/arch-arm/usr/lib/crtbegin_so.o
                0x0000000000010ea0                _DYNAMIC

.got            0x0000000000010fb0       0x50
 *(.got.plt)
 .got.plt       0x0000000000010fb0       0x34 /Users/marmalade/Public/android-ndk-r12/platforms/android-14/arch-arm/usr/lib/crtbegin_so.o
                0x0000000000010fb0                _GLOBAL_OFFSET_TABLE_
 *(.igot.plt)
 .igot.plt      0x0000000000010fe4        0x0 /Users/marmalade/Public/android-ndk-r12/platforms/android-14/arch-arm/usr/lib/crtbegin_so.o
 *(.got)
 .got           0x0000000000010fe4       0x1c /Users/marmalade/Public/android-ndk-r12/platforms/android-14/arch-arm/usr/lib/crtbegin_so.o
 *(.igot)
                0x0000000000011000                . = DATA_SEGMENT_RELRO_END (., 0x0)

.data           0x0000000000011000        0x4
                0x0000000000011000                PROVIDE (__data_start, .)
 *(.data .data.* .gnu.linkonce.d.*)
 .data          0x0000000000011000        0x4 /Users/marmalade/Public/android-ndk-r12/platforms/android-14/arch-arm/usr/lib/crtbegin_so.o
                0x0000000000011000                __dso_handle
 .data          0x0000000000011004        0x0 release/PresageEDK_platform.os
 .data          0x0000000000011004        0x0 release/PresageEDK.os
 .data          0x0000000000011004        0x0 release/PresageEDK_register.os
 .data          0x0000000000011004        0x0 /Applications/Marmalade.app/Contents/s3e/edk/lib/android/libedk.a(edk_helpers.o)
 .data          0x0000000000011004        0x0 /Applications/Marmalade.app/Contents/s3e/edk/lib/android/libedk.a(android_edk_marker.o)
 .data          0x0000000000011004        0x0 /Users/marmalade/Public/android-ndk-r12/platforms/android-14/arch-arm/usr/lib/crtend_so.o

.data1
 *(.data1)
                0x0000000000011004                _edata = .
                0x0000000000011004                PROVIDE (edata, .)
                0x0000000000011004                __bss_start = .
                0x0000000000011004                __bss_start__ = .

.bss            0x0000000000011004       0x18
 *(.dynbss)
 .dynbss        0x0000000000011004        0x0 /Users/marmalade/Public/android-ndk-r12/platforms/android-14/arch-arm/usr/lib/crtbegin_so.o
 *(.bss .bss.* .gnu.linkonce.b.*)
 .bss           0x0000000000011004        0x0 /Users/marmalade/Public/android-ndk-r12/platforms/android-14/arch-arm/usr/lib/crtbegin_so.o
 .bss           0x0000000000011004       0x18 release/PresageEDK_platform.os
 .bss           0x000000000001101c        0x0 release/PresageEDK.os
 .bss           0x000000000001101c        0x0 release/PresageEDK_register.os
 .bss           0x000000000001101c        0x0 /Applications/Marmalade.app/Contents/s3e/edk/lib/android/libedk.a(edk_helpers.o)
 .bss           0x000000000001101c        0x0 /Applications/Marmalade.app/Contents/s3e/edk/lib/android/libedk.a(android_edk_marker.o)
 .bss           0x000000000001101c        0x0 /Users/marmalade/Public/android-ndk-r12/platforms/android-14/arch-arm/usr/lib/crtend_so.o
 *(COMMON)
                0x000000000001101c                . = ALIGN (0x4)
                0x000000000001101c                _bss_end__ = .
                0x000000000001101c                __bss_end__ = .
                0x000000000001101c                . = ALIGN (0x4)
                0x000000000001101c                . = SEGMENT_START ("ldata-segment", .)
                0x000000000001101c                . = ALIGN (0x4)
                0x000000000001101c                __end__ = .
                0x000000000001101c                _end = .
                0x000000000001101c                _bss_end__ = .
                0x000000000001101c                __bss_end__ = .
                0x000000000001101c                __end__ = .
                0x000000000001101c                PROVIDE (end, .)
                0x000000000001101c                . = DATA_SEGMENT_END (.)

.stab
 *(.stab)

.stabstr
 *(.stabstr)

.stab.excl
 *(.stab.excl)

.stab.exclstr
 *(.stab.exclstr)

.stab.index
 *(.stab.index)

.stab.indexstr
 *(.stab.indexstr)

.comment        0x0000000000000000       0x4c
 *(.comment)
 .comment       0x0000000000000000       0x27 /Users/marmalade/Public/android-ndk-r12/platforms/android-14/arch-arm/usr/lib/crtbegin_so.o
                                         0x28 (size before relaxing)
 .comment       0x0000000000000027       0x28 release/PresageEDK_platform.os
 .comment       0x0000000000000027       0x28 release/PresageEDK.os
 .comment       0x0000000000000027       0x28 release/PresageEDK_register.os
 .comment       0x0000000000000027       0x25 /Applications/Marmalade.app/Contents/s3e/edk/lib/android/libedk.a(edk_helpers.o)
                                         0x26 (size before relaxing)
 .comment       0x000000000000004c       0x26 /Applications/Marmalade.app/Contents/s3e/edk/lib/android/libedk.a(android_edk_marker.o)

.ARM.attributes
                0x0000000000000000       0x2d
 .ARM.attributes
                0x0000000000000000       0x2b /Users/marmalade/Public/android-ndk-r12/platforms/android-14/arch-arm/usr/lib/crtbegin_so.o
 .ARM.attributes
                0x000000000000002b       0x2f release/PresageEDK_platform.os
 .ARM.attributes
                0x000000000000005a       0x2f release/PresageEDK.os
 .ARM.attributes
                0x0000000000000089       0x2f release/PresageEDK_register.os
 .ARM.attributes
                0x00000000000000b8       0x2f /Applications/Marmalade.app/Contents/s3e/edk/lib/android/libedk.a(edk_helpers.o)
 .ARM.attributes
                0x00000000000000e7       0x2f /Applications/Marmalade.app/Contents/s3e/edk/lib/android/libedk.a(android_edk_marker.o)
 .ARM.attributes
                0x0000000000000116       0x1d /Users/marmalade/Public/android-ndk-r12/platforms/android-14/arch-arm/usr/lib/crtend_so.o

.debug
 *(.debug)

.line
 *(.line)

.debug_srcinfo
 *(.debug_srcinfo)

.debug_sfnames
 *(.debug_sfnames)

.debug_aranges  0x0000000000000000       0x70
 *(.debug_aranges)
 .debug_aranges
                0x0000000000000000       0x30 release/PresageEDK_platform.os
 .debug_aranges
                0x0000000000000030       0x20 release/PresageEDK.os
 .debug_aranges
                0x0000000000000050       0x20 release/PresageEDK_register.os

.debug_pubnames
 *(.debug_pubnames)

.debug_info     0x0000000000000000     0x6c88
 *(.debug_info .gnu.linkonce.wi.*)
 .debug_info    0x0000000000000000     0x6602 release/PresageEDK_platform.os
 .debug_info    0x0000000000006602      0x1c4 release/PresageEDK.os
 .debug_info    0x00000000000067c6      0x4c2 release/PresageEDK_register.os

.debug_abbrev   0x0000000000000000      0x71a
 *(.debug_abbrev)
 .debug_abbrev  0x0000000000000000      0x491 release/PresageEDK_platform.os
 .debug_abbrev  0x0000000000000491       0xcd release/PresageEDK.os
 .debug_abbrev  0x000000000000055e      0x1bc release/PresageEDK_register.os

.debug_line     0x0000000000000000      0x6bf
 *(.debug_line .debug_line.* .debug_line_end)
 .debug_line    0x0000000000000000      0x3fa release/PresageEDK_platform.os
 .debug_line    0x00000000000003fa      0x109 release/PresageEDK.os
 .debug_line    0x0000000000000503      0x1bc release/PresageEDK_register.os

.debug_frame    0x0000000000000000      0x3b8
 *(.debug_frame)
 .debug_frame   0x0000000000000000      0x250 release/PresageEDK_platform.os
 .debug_frame   0x0000000000000250       0x80 release/PresageEDK.os
 .debug_frame   0x00000000000002d0       0xe8 release/PresageEDK_register.os

.debug_str      0x0000000000000000     0x4dee
 *(.debug_str)
 .debug_str     0x0000000000000000     0x4bc6 release/PresageEDK_platform.os
                                       0x4d4f (size before relaxing)
 .debug_str     0x0000000000004bc6       0x98 release/PresageEDK.os
                                        0x440 (size before relaxing)
 .debug_str     0x0000000000004c5e      0x190 release/PresageEDK_register.os
                                        0x4ea (size before relaxing)

.debug_loc      0x0000000000000000      0x59f
 *(.debug_loc)
 .debug_loc     0x0000000000000000      0x4c2 release/PresageEDK_platform.os
 .debug_loc     0x00000000000004c2       0xdd release/PresageEDK_register.os

.debug_macinfo
 *(.debug_macinfo)

.debug_weaknames
 *(.debug_weaknames)

.debug_funcnames
 *(.debug_funcnames)

.debug_typenames
 *(.debug_typenames)

.debug_varnames
 *(.debug_varnames)

.debug_pubtypes
 *(.debug_pubtypes)

.debug_ranges   0x0000000000000000      0x178
 *(.debug_ranges)
 .debug_ranges  0x0000000000000000      0x138 release/PresageEDK_platform.os
 .debug_ranges  0x0000000000000138       0x40 release/PresageEDK_register.os

.debug_macro
 *(.debug_macro)

.gnu.attributes
 *(.gnu.attributes)

.note.gnu.arm.ident
 *(.note.gnu.arm.ident)

/DISCARD/
 *(.note.GNU-stack)
 *(.gnu_debuglink)
 *(.gnu.lto_*)
 *(.mdebug.*)
OUTPUT(/Users/marmalade/Public/marmalade/Presage/lib/android/libPresageEDK.so elf32-littlearm)
