Archive member included to satisfy reference by file (symbol)

/Applications/Marmalade.app/Contents/s3e/edk/lib/android/libedk.a(IwDebug.o)
                              debug/PresageEDK_platform.os (IwDebugTraceIsChannelOn)
/Applications/Marmalade.app/Contents/s3e/edk/lib/android/libedk.a(edk_helpers.o)
                              debug/PresageEDK_platform.os (s3eEdkThreadRunOnOS)
/Applications/Marmalade.app/Contents/s3e/edk/lib/android/libedk.a(android_edk_marker.o)
                              (libplaceholderplaceholderplaceholderplaceholderplaceholder)
/Users/marmalade/Public/android-ndk-r12/toolchains/arm-linux-androideabi-4.9/prebuilt/darwin-x86_64/bin/../lib/gcc/arm-linux-androideabi/4.9.x/libgcc.a(_aeabi_ldivmod.o)
                              /Applications/Marmalade.app/Contents/s3e/edk/lib/android/libedk.a(IwDebug.o) (__aeabi_ldivmod)
/Users/marmalade/Public/android-ndk-r12/toolchains/arm-linux-androideabi-4.9/prebuilt/darwin-x86_64/bin/../lib/gcc/arm-linux-androideabi/4.9.x/libgcc.a(_dvmd_lnx.o)
                              /Users/marmalade/Public/android-ndk-r12/toolchains/arm-linux-androideabi-4.9/prebuilt/darwin-x86_64/bin/../lib/gcc/arm-linux-androideabi/4.9.x/libgcc.a(_aeabi_ldivmod.o) (__aeabi_ldiv0)
/Users/marmalade/Public/android-ndk-r12/toolchains/arm-linux-androideabi-4.9/prebuilt/darwin-x86_64/bin/../lib/gcc/arm-linux-androideabi/4.9.x/libgcc.a(bpabi.o)
                              /Users/marmalade/Public/android-ndk-r12/toolchains/arm-linux-androideabi-4.9/prebuilt/darwin-x86_64/bin/../lib/gcc/arm-linux-androideabi/4.9.x/libgcc.a(_aeabi_ldivmod.o) (__gnu_ldivmod_helper)
/Users/marmalade/Public/android-ndk-r12/toolchains/arm-linux-androideabi-4.9/prebuilt/darwin-x86_64/bin/../lib/gcc/arm-linux-androideabi/4.9.x/libgcc.a(unwind-arm.o)
                              /Users/marmalade/Public/android-ndk-r12/toolchains/arm-linux-androideabi-4.9/prebuilt/darwin-x86_64/bin/../lib/gcc/arm-linux-androideabi/4.9.x/libgcc.a(bpabi.o) (__aeabi_unwind_cpp_pr0)
/Users/marmalade/Public/android-ndk-r12/toolchains/arm-linux-androideabi-4.9/prebuilt/darwin-x86_64/bin/../lib/gcc/arm-linux-androideabi/4.9.x/libgcc.a(libunwind.o)
                              /Users/marmalade/Public/android-ndk-r12/toolchains/arm-linux-androideabi-4.9/prebuilt/darwin-x86_64/bin/../lib/gcc/arm-linux-androideabi/4.9.x/libgcc.a(unwind-arm.o) (restore_core_regs)
/Users/marmalade/Public/android-ndk-r12/toolchains/arm-linux-androideabi-4.9/prebuilt/darwin-x86_64/bin/../lib/gcc/arm-linux-androideabi/4.9.x/libgcc.a(pr-support.o)
                              /Users/marmalade/Public/android-ndk-r12/toolchains/arm-linux-androideabi-4.9/prebuilt/darwin-x86_64/bin/../lib/gcc/arm-linux-androideabi/4.9.x/libgcc.a(unwind-arm.o) (__gnu_unwind_execute)
/Users/marmalade/Public/android-ndk-r12/toolchains/arm-linux-androideabi-4.9/prebuilt/darwin-x86_64/bin/../lib/gcc/arm-linux-androideabi/4.9.x/libgcc.a(_divdi3.o)
                              /Users/marmalade/Public/android-ndk-r12/toolchains/arm-linux-androideabi-4.9/prebuilt/darwin-x86_64/bin/../lib/gcc/arm-linux-androideabi/4.9.x/libgcc.a(bpabi.o) (__divdi3)
/Users/marmalade/Public/android-ndk-r12/toolchains/arm-linux-androideabi-4.9/prebuilt/darwin-x86_64/bin/../lib/gcc/arm-linux-androideabi/4.9.x/libgcc.a(_udivdi3.o)
                              /Users/marmalade/Public/android-ndk-r12/toolchains/arm-linux-androideabi-4.9/prebuilt/darwin-x86_64/bin/../lib/gcc/arm-linux-androideabi/4.9.x/libgcc.a(bpabi.o) (__udivdi3)
/Users/marmalade/Public/android-ndk-r12/toolchains/arm-linux-androideabi-4.9/prebuilt/darwin-x86_64/bin/../lib/gcc/arm-linux-androideabi/4.9.x/libgcc.a(_lshrdi3.o)
                              /Users/marmalade/Public/android-ndk-r12/toolchains/arm-linux-androideabi-4.9/prebuilt/darwin-x86_64/bin/../lib/gcc/arm-linux-androideabi/4.9.x/libgcc.a(_divdi3.o) (__aeabi_llsr)
/Users/marmalade/Public/android-ndk-r12/toolchains/arm-linux-androideabi-4.9/prebuilt/darwin-x86_64/bin/../lib/gcc/arm-linux-androideabi/4.9.x/libgcc.a(_ashldi3.o)
                              /Users/marmalade/Public/android-ndk-r12/toolchains/arm-linux-androideabi-4.9/prebuilt/darwin-x86_64/bin/../lib/gcc/arm-linux-androideabi/4.9.x/libgcc.a(_divdi3.o) (__aeabi_llsl)

Discarded input sections

 .note.GNU-stack
                0x0000000000000000        0x0 /Users/marmalade/Public/android-ndk-r12/platforms/android-14/arch-arm/usr/lib/crtbegin_so.o
 .group         0x0000000000000000        0x8 debug/PresageEDK_platform.os
 .group         0x0000000000000000        0x8 debug/PresageEDK_platform.os
 .group         0x0000000000000000        0x8 debug/PresageEDK_platform.os
 .group         0x0000000000000000        0x8 debug/PresageEDK_platform.os
 .group         0x0000000000000000        0x8 debug/PresageEDK_platform.os
 .group         0x0000000000000000        0x8 debug/PresageEDK_platform.os
 .group         0x0000000000000000        0x8 debug/PresageEDK_platform.os
 .group         0x0000000000000000        0x8 debug/PresageEDK_platform.os
 .group         0x0000000000000000        0x8 debug/PresageEDK_platform.os
 .group         0x0000000000000000        0x8 debug/PresageEDK_platform.os
 .group         0x0000000000000000        0x8 debug/PresageEDK_platform.os
 .group         0x0000000000000000        0x8 debug/PresageEDK_platform.os
 .note.GNU-stack
                0x0000000000000000        0x0 debug/PresageEDK_platform.os
 .note.GNU-stack
                0x0000000000000000        0x0 debug/PresageEDK.os
 .note.GNU-stack
                0x0000000000000000        0x0 debug/PresageEDK_register.os
 .note.GNU-stack
                0x0000000000000000        0x0 /Applications/Marmalade.app/Contents/s3e/edk/lib/android/libedk.a(IwDebug.o)
 .note.GNU-stack
                0x0000000000000000        0x0 /Applications/Marmalade.app/Contents/s3e/edk/lib/android/libedk.a(edk_helpers.o)
 .note.GNU-stack
                0x0000000000000000        0x0 /Applications/Marmalade.app/Contents/s3e/edk/lib/android/libedk.a(android_edk_marker.o)
 .note.GNU-stack
                0x0000000000000000        0x0 /Users/marmalade/Public/android-ndk-r12/toolchains/arm-linux-androideabi-4.9/prebuilt/darwin-x86_64/bin/../lib/gcc/arm-linux-androideabi/4.9.x/libgcc.a(_aeabi_ldivmod.o)
 .note.GNU-stack
                0x0000000000000000        0x0 /Users/marmalade/Public/android-ndk-r12/toolchains/arm-linux-androideabi-4.9/prebuilt/darwin-x86_64/bin/../lib/gcc/arm-linux-androideabi/4.9.x/libgcc.a(_dvmd_lnx.o)
 .note.GNU-stack
                0x0000000000000000        0x0 /Users/marmalade/Public/android-ndk-r12/toolchains/arm-linux-androideabi-4.9/prebuilt/darwin-x86_64/bin/../lib/gcc/arm-linux-androideabi/4.9.x/libgcc.a(bpabi.o)
 .note.GNU-stack
                0x0000000000000000        0x0 /Users/marmalade/Public/android-ndk-r12/toolchains/arm-linux-androideabi-4.9/prebuilt/darwin-x86_64/bin/../lib/gcc/arm-linux-androideabi/4.9.x/libgcc.a(unwind-arm.o)
 .note.GNU-stack
                0x0000000000000000        0x0 /Users/marmalade/Public/android-ndk-r12/toolchains/arm-linux-androideabi-4.9/prebuilt/darwin-x86_64/bin/../lib/gcc/arm-linux-androideabi/4.9.x/libgcc.a(libunwind.o)
 .note.GNU-stack
                0x0000000000000000        0x0 /Users/marmalade/Public/android-ndk-r12/toolchains/arm-linux-androideabi-4.9/prebuilt/darwin-x86_64/bin/../lib/gcc/arm-linux-androideabi/4.9.x/libgcc.a(pr-support.o)
 .note.GNU-stack
                0x0000000000000000        0x0 /Users/marmalade/Public/android-ndk-r12/toolchains/arm-linux-androideabi-4.9/prebuilt/darwin-x86_64/bin/../lib/gcc/arm-linux-androideabi/4.9.x/libgcc.a(_divdi3.o)
 .note.GNU-stack
                0x0000000000000000        0x0 /Users/marmalade/Public/android-ndk-r12/toolchains/arm-linux-androideabi-4.9/prebuilt/darwin-x86_64/bin/../lib/gcc/arm-linux-androideabi/4.9.x/libgcc.a(_udivdi3.o)
 .note.GNU-stack
                0x0000000000000000        0x0 /Users/marmalade/Public/android-ndk-r12/toolchains/arm-linux-androideabi-4.9/prebuilt/darwin-x86_64/bin/../lib/gcc/arm-linux-androideabi/4.9.x/libgcc.a(_lshrdi3.o)
 .note.GNU-stack
                0x0000000000000000        0x0 /Users/marmalade/Public/android-ndk-r12/toolchains/arm-linux-androideabi-4.9/prebuilt/darwin-x86_64/bin/../lib/gcc/arm-linux-androideabi/4.9.x/libgcc.a(_ashldi3.o)
 .note.GNU-stack
                0x0000000000000000        0x0 /Users/marmalade/Public/android-ndk-r12/platforms/android-14/arch-arm/usr/lib/crtend_so.o

Memory Configuration

Name             Origin             Length             Attributes
*default*        0x0000000000000000 0xffffffffffffffff

Linker script and memory map

LOAD /Users/marmalade/Public/android-ndk-r12/platforms/android-14/arch-arm/usr/lib/crtbegin_so.o
LOAD debug/PresageEDK_platform.os
LOAD debug/PresageEDK.os
LOAD debug/PresageEDK_register.os
LOAD /Applications/Marmalade.app/Contents/s3e/edk/lib/android/libedk.a
LOAD /Applications/Marmalade.app/Contents/s3e/edk/lib/android/libs3e_android.so
LOAD /Users/marmalade/Public/android-ndk-r12/platforms/android-14/arch-arm/usr/lib/liblog.so
LOAD /Users/marmalade/Public/android-ndk-r12/toolchains/arm-linux-androideabi-4.9/prebuilt/darwin-x86_64/bin/../lib/gcc/arm-linux-androideabi/4.9.x/libgcc.a
LOAD /Users/marmalade/Public/android-ndk-r12/sources/cxx-stl/gnu-libstdc++/4.9/libs/armeabi/libgnustl_static.a
LOAD /Users/marmalade/Public/android-ndk-r12/platforms/android-14/arch-arm/usr/lib/libstdc++.so
LOAD /Users/marmalade/Public/android-ndk-r12/platforms/android-14/arch-arm/usr/lib/libm.so
LOAD /Users/marmalade/Public/android-ndk-r12/platforms/android-14/arch-arm/usr/lib/libc.so
LOAD /Users/marmalade/Public/android-ndk-r12/toolchains/arm-linux-androideabi-4.9/prebuilt/darwin-x86_64/bin/../lib/gcc/arm-linux-androideabi/4.9.x/libgcc.a
LOAD /Users/marmalade/Public/android-ndk-r12/platforms/android-14/arch-arm/usr/lib/libc.so
LOAD /Users/marmalade/Public/android-ndk-r12/platforms/android-14/arch-arm/usr/lib/libdl.so
LOAD /Users/marmalade/Public/android-ndk-r12/toolchains/arm-linux-androideabi-4.9/prebuilt/darwin-x86_64/bin/../lib/gcc/arm-linux-androideabi/4.9.x/libgcc.a
LOAD /Users/marmalade/Public/android-ndk-r12/platforms/android-14/arch-arm/usr/lib/crtend_so.o
                0x00000000000000f4                . = (0x0 + SIZEOF_HEADERS)

.note.gnu.build-id
 *(.note.gnu.build-id)

.hash           0x00000000000000f4      0x2a0
 *(.hash)
 .hash          0x00000000000000f4      0x2a0 /Users/marmalade/Public/android-ndk-r12/platforms/android-14/arch-arm/usr/lib/crtbegin_so.o

.gnu.hash
 *(.gnu.hash)

.dynsym         0x0000000000000394      0x630
 *(.dynsym)
 .dynsym        0x0000000000000394      0x630 /Users/marmalade/Public/android-ndk-r12/platforms/android-14/arch-arm/usr/lib/crtbegin_so.o

.dynstr         0x00000000000009c4      0x69d
 *(.dynstr)
 .dynstr        0x00000000000009c4      0x69d /Users/marmalade/Public/android-ndk-r12/platforms/android-14/arch-arm/usr/lib/crtbegin_so.o

.gnu.version    0x0000000000001062       0xc6
 *(.gnu.version)
 .gnu.version   0x0000000000001062       0xc6 /Users/marmalade/Public/android-ndk-r12/platforms/android-14/arch-arm/usr/lib/crtbegin_so.o

.gnu.version_d  0x0000000000001128        0x0
 *(.gnu.version_d)
 .gnu.version_d
                0x0000000000001128        0x0 /Users/marmalade/Public/android-ndk-r12/platforms/android-14/arch-arm/usr/lib/crtbegin_so.o

.gnu.version_r  0x0000000000001128       0x20
 *(.gnu.version_r)
 .gnu.version_r
                0x0000000000001128       0x20 /Users/marmalade/Public/android-ndk-r12/platforms/android-14/arch-arm/usr/lib/crtbegin_so.o

.rel.dyn        0x0000000000001148      0x140
 *(.rel.init)
 *(.rel.text .rel.text.* .rel.gnu.linkonce.t.*)
 *(.rel.fini)
 *(.rel.rodata .rel.rodata.* .rel.gnu.linkonce.r.*)
 *(.rel.data.rel.ro .rel.data.rel.ro.* .rel.gnu.linkonce.d.rel.ro.*)
 .rel.data.rel.ro.local
                0x0000000000001148       0xc0 /Users/marmalade/Public/android-ndk-r12/platforms/android-14/arch-arm/usr/lib/crtbegin_so.o
 *(.rel.data .rel.data.* .rel.gnu.linkonce.d.*)
 *(.rel.tdata .rel.tdata.* .rel.gnu.linkonce.td.*)
 *(.rel.tbss .rel.tbss.* .rel.gnu.linkonce.tb.*)
 *(.rel.ctors)
 *(.rel.dtors)
 *(.rel.got)
 .rel.got       0x0000000000001208       0x70 /Users/marmalade/Public/android-ndk-r12/platforms/android-14/arch-arm/usr/lib/crtbegin_so.o
 *(.rel.bss .rel.bss.* .rel.gnu.linkonce.b.*)
 *(.rel.iplt)
 .rel.iplt      0x0000000000001278        0x0 /Users/marmalade/Public/android-ndk-r12/platforms/android-14/arch-arm/usr/lib/crtbegin_so.o
 .rel.fini_array
                0x0000000000001278        0x8 /Users/marmalade/Public/android-ndk-r12/platforms/android-14/arch-arm/usr/lib/crtbegin_so.o
 .rel.init_array
                0x0000000000001280        0x8 /Users/marmalade/Public/android-ndk-r12/platforms/android-14/arch-arm/usr/lib/crtbegin_so.o

.rela.dyn
 *(.rela.init)
 *(.rela.text .rela.text.* .rela.gnu.linkonce.t.*)
 *(.rela.fini)
 *(.rela.rodata .rela.rodata.* .rela.gnu.linkonce.r.*)
 *(.rela.data .rela.data.* .rela.gnu.linkonce.d.*)
 *(.rela.tdata .rela.tdata.* .rela.gnu.linkonce.td.*)
 *(.rela.tbss .rela.tbss.* .rela.gnu.linkonce.tb.*)
 *(.rela.ctors)
 *(.rela.dtors)
 *(.rela.got)
 *(.rela.bss .rela.bss.* .rela.gnu.linkonce.b.*)
 *(.rela.iplt)

.rel.plt        0x0000000000001288      0x108
 *(.rel.plt)
 .rel.plt       0x0000000000001288      0x108 /Users/marmalade/Public/android-ndk-r12/platforms/android-14/arch-arm/usr/lib/crtbegin_so.o

.rela.plt
 *(.rela.plt)

.init
 *(SORT(.init))

.plt            0x0000000000001390      0x1a0
 *(.plt)
 .plt           0x0000000000001390      0x1a0 /Users/marmalade/Public/android-ndk-r12/platforms/android-14/arch-arm/usr/lib/crtbegin_so.o

.iplt           0x0000000000001530        0x0
 *(.iplt)
 .iplt          0x0000000000001530        0x0 /Users/marmalade/Public/android-ndk-r12/platforms/android-14/arch-arm/usr/lib/crtbegin_so.o

.text           0x0000000000001530     0x3bb8
 *(.text.unlikely .text.*_unlikely .text.unlikely.*)
 *(.text.exit .text.exit.*)
 .text.exit     0x0000000000001530       0x10 /Users/marmalade/Public/android-ndk-r12/platforms/android-14/arch-arm/usr/lib/crtbegin_so.o
                0x0000000000001530                __on_dlclose
 *(.text.startup .text.startup.*)
 .text.startup._GLOBAL__sub_I_IwDebug.cpp
                0x0000000000001540       0x78 /Applications/Marmalade.app/Contents/s3e/edk/lib/android/libedk.a(IwDebug.o)
 *(.text.hot .text.hot.*)
 *(.text .stub .text.* .gnu.linkonce.t.*)
 .text          0x00000000000015b8       0x2c /Users/marmalade/Public/android-ndk-r12/platforms/android-14/arch-arm/usr/lib/crtbegin_so.o
                0x00000000000015b8                __atexit_handler_wrapper
                0x00000000000015c4                atexit
 .text          0x00000000000015e4      0x8c8 debug/PresageEDK_platform.os
                0x000000000000192c                PresageEDKInit_platform()
                0x0000000000001cfc                PresageEDKTerminate_platform()
                0x0000000000001d44                PresageStart_platform()
                0x0000000000001d8c                PresageAdToServe_platform()
                0x0000000000001dd4                PresageLaunchEula_platform()
                0x0000000000001e1c                PresageLoadAd_platform()
                0x0000000000001e64                PresageShowAd_platform()
 .text._ZN7_JNIEnv9FindClassEPKc
                0x0000000000001eac       0x3c debug/PresageEDK_platform.os
                0x0000000000001eac                _JNIEnv::FindClass(char const*)
 .text._ZN7_JNIEnv17ExceptionOccurredEv
                0x0000000000001ee8       0x34 debug/PresageEDK_platform.os
                0x0000000000001ee8                _JNIEnv::ExceptionOccurred()
 .text._ZN7_JNIEnv17ExceptionDescribeEv
                0x0000000000001f1c       0x28 debug/PresageEDK_platform.os
                0x0000000000001f1c                _JNIEnv::ExceptionDescribe()
 .text._ZN7_JNIEnv14ExceptionClearEv
                0x0000000000001f44       0x28 debug/PresageEDK_platform.os
                0x0000000000001f44                _JNIEnv::ExceptionClear()
 .text._ZN7_JNIEnv12NewGlobalRefEP8_jobject
                0x0000000000001f6c       0x3c debug/PresageEDK_platform.os
                0x0000000000001f6c                _JNIEnv::NewGlobalRef(_jobject*)
 .text._ZN7_JNIEnv15DeleteGlobalRefEP8_jobject
                0x0000000000001fa8       0x30 debug/PresageEDK_platform.os
                0x0000000000001fa8                _JNIEnv::DeleteGlobalRef(_jobject*)
 .text._ZN7_JNIEnv14DeleteLocalRefEP8_jobject
                0x0000000000001fd8       0x30 debug/PresageEDK_platform.os
                0x0000000000001fd8                _JNIEnv::DeleteLocalRef(_jobject*)
 .text._ZN7_JNIEnv9NewObjectEP7_jclassP10_jmethodIDz
                0x0000000000002008       0x58 debug/PresageEDK_platform.os
                0x0000000000002008                _JNIEnv::NewObject(_jclass*, _jmethodID*, ...)
 .text._ZN7_JNIEnv11GetMethodIDEP7_jclassPKcS3_
                0x0000000000002060       0x4c debug/PresageEDK_platform.os
                0x0000000000002060                _JNIEnv::GetMethodID(_jclass*, char const*, char const*)
 .text._ZN7_JNIEnv14CallVoidMethodEP8_jobjectP10_jmethodIDz
                0x00000000000020ac       0x4c debug/PresageEDK_platform.os
                0x00000000000020ac                _JNIEnv::CallVoidMethod(_jobject*, _jmethodID*, ...)
 .text._ZN7_JNIEnv15RegisterNativesEP7_jclassPK15JNINativeMethodi
                0x00000000000020f8       0x4c debug/PresageEDK_platform.os
                0x00000000000020f8                _JNIEnv::RegisterNatives(_jclass*, JNINativeMethod const*, int)
 .text._ZN7_JavaVM6GetEnvEPPvi
                0x0000000000002144       0x44 debug/PresageEDK_platform.os
                0x0000000000002144                _JavaVM::GetEnv(void**, int)
 .text          0x0000000000002188       0x60 debug/PresageEDK.os
                0x0000000000002188                PresageEDKInit()
                0x00000000000021a0                PresageEDKTerminate()
                0x00000000000021ac                PresageStart
                0x00000000000021b8                PresageAdToServe
                0x00000000000021c4                PresageLoadAd
                0x00000000000021d0                PresageShowAd
                0x00000000000021dc                PresageLaunchEula
 .text          0x00000000000021e8      0x47c debug/PresageEDK_register.os
                0x0000000000002490                PresageEDKRegister
                0x00000000000024e0                PresageEDKUnRegister
                0x0000000000002524                PresageEDKRegisterExt()
                0x0000000000002658                RegisterExt
 .text          0x0000000000002664        0x0 /Applications/Marmalade.app/Contents/s3e/edk/lib/android/libedk.a(IwDebug.o)
 .text.IwDebugClearConfigCache
                0x0000000000002664       0x74 /Applications/Marmalade.app/Contents/s3e/edk/lib/android/libedk.a(IwDebug.o)
                0x0000000000002664                IwDebugClearConfigCache
 .text.IwDebugAssertIsChannelOn
                0x00000000000026d8      0x228 /Applications/Marmalade.app/Contents/s3e/edk/lib/android/libedk.a(IwDebug.o)
                0x00000000000026d8                IwDebugAssertIsChannelOn
 .text.IwDebugAssertShow
                0x0000000000002900      0x2f8 /Applications/Marmalade.app/Contents/s3e/edk/lib/android/libedk.a(IwDebug.o)
                0x0000000000002900                IwDebugAssertShow
 .text.IwDebugAssertSetSolution
                0x0000000000002bf8       0xb4 /Applications/Marmalade.app/Contents/s3e/edk/lib/android/libedk.a(IwDebug.o)
                0x0000000000002bf8                IwDebugAssertSetSolution
 .text.IwDebugAssertSetMessage
                0x0000000000002cac       0xf4 /Applications/Marmalade.app/Contents/s3e/edk/lib/android/libedk.a(IwDebug.o)
                0x0000000000002cac                IwDebugAssertSetMessage
 .text.IwAssertRegisterTextCallback
                0x0000000000002da0       0x20 /Applications/Marmalade.app/Contents/s3e/edk/lib/android/libedk.a(IwDebug.o)
                0x0000000000002da0                IwAssertRegisterTextCallback
 .text.IwAssertRegisterCallback
                0x0000000000002dc0       0x20 /Applications/Marmalade.app/Contents/s3e/edk/lib/android/libedk.a(IwDebug.o)
                0x0000000000002dc0                IwAssertRegisterCallback
 .text.IwDebugTraceDisable
                0x0000000000002de0       0x10 /Applications/Marmalade.app/Contents/s3e/edk/lib/android/libedk.a(IwDebug.o)
                0x0000000000002de0                IwDebugTraceDisable
 .text.IwDebugTraceIsChannelOn
                0x0000000000002df0      0x2f4 /Applications/Marmalade.app/Contents/s3e/edk/lib/android/libedk.a(IwDebug.o)
                0x0000000000002df0                IwDebugTraceIsChannelOn
 .text.IwDebugTraceSetTraceChannel
                0x00000000000030e4       0x18 /Applications/Marmalade.app/Contents/s3e/edk/lib/android/libedk.a(IwDebug.o)
                0x00000000000030e4                IwDebugTraceSetTraceChannel
 .text.IwDebugTraceChannelSwitch
                0x00000000000030fc      0x1fc /Applications/Marmalade.app/Contents/s3e/edk/lib/android/libedk.a(IwDebug.o)
                0x00000000000030fc                IwDebugTraceChannelSwitch
 .text.IwDebugTraceChannelOverrideReset
                0x00000000000032f8       0x4c /Applications/Marmalade.app/Contents/s3e/edk/lib/android/libedk.a(IwDebug.o)
                0x00000000000032f8                IwDebugTraceChannelOverrideReset
 .text.IwDebugTraceChannelOverride
                0x0000000000003344      0x1fc /Applications/Marmalade.app/Contents/s3e/edk/lib/android/libedk.a(IwDebug.o)
                0x0000000000003344                IwDebugTraceChannelOverride
 .text.IwDebugTraceLineVPrintf
                0x0000000000003540       0xfc /Applications/Marmalade.app/Contents/s3e/edk/lib/android/libedk.a(IwDebug.o)
                0x0000000000003540                IwDebugTraceLineVPrintf
 .text.IwDebugTraceLinePrintf
                0x000000000000363c       0x30 /Applications/Marmalade.app/Contents/s3e/edk/lib/android/libedk.a(IwDebug.o)
                0x000000000000363c                IwDebugTraceLinePrintf
 .text.IwDebugErrorRegisterCallback
                0x000000000000366c       0x1c /Applications/Marmalade.app/Contents/s3e/edk/lib/android/libedk.a(IwDebug.o)
                0x000000000000366c                IwDebugErrorRegisterCallback
 .text.IwDebugErrorShow
                0x0000000000003688      0x108 /Applications/Marmalade.app/Contents/s3e/edk/lib/android/libedk.a(IwDebug.o)
                0x0000000000003688                IwDebugErrorShow
 .text.IwDebugAssertSetUID
                0x0000000000003790       0x14 /Applications/Marmalade.app/Contents/s3e/edk/lib/android/libedk.a(IwDebug.o)
                0x0000000000003790                IwDebugAssertSetUID
 .text          0x00000000000037a4        0x0 /Applications/Marmalade.app/Contents/s3e/edk/lib/android/libedk.a(edk_helpers.o)
 .text.s3eEdkErrorSetString
                0x00000000000037a4       0x30 /Applications/Marmalade.app/Contents/s3e/edk/lib/android/libedk.a(edk_helpers.o)
                0x00000000000037a4                s3eEdkErrorSetString
 .text.s3eEdkThreadRunOnOS
                0x00000000000037d4       0x30 /Applications/Marmalade.app/Contents/s3e/edk/lib/android/libedk.a(edk_helpers.o)
                0x00000000000037d4                s3eEdkThreadRunOnOS
 .text.s3eEdkThreadRunOnOSAsync
                0x0000000000003804       0x30 /Applications/Marmalade.app/Contents/s3e/edk/lib/android/libedk.a(edk_helpers.o)
                0x0000000000003804                s3eEdkThreadRunOnOSAsync
 .text          0x0000000000003834        0x0 /Applications/Marmalade.app/Contents/s3e/edk/lib/android/libedk.a(android_edk_marker.o)
 .text.libplaceholderplaceholderplaceholderplaceholderplaceholder
                0x0000000000003834        0x4 /Applications/Marmalade.app/Contents/s3e/edk/lib/android/libedk.a(android_edk_marker.o)
                0x0000000000003834                libplaceholderplaceholderplaceholderplaceholderplaceholder
 .text          0x0000000000003838       0x44 /Users/marmalade/Public/android-ndk-r12/toolchains/arm-linux-androideabi-4.9/prebuilt/darwin-x86_64/bin/../lib/gcc/arm-linux-androideabi/4.9.x/libgcc.a(_aeabi_ldivmod.o)
                0x0000000000003838                __aeabi_ldivmod
 .text          0x000000000000387c       0x10 /Users/marmalade/Public/android-ndk-r12/toolchains/arm-linux-androideabi-4.9/prebuilt/darwin-x86_64/bin/../lib/gcc/arm-linux-androideabi/4.9.x/libgcc.a(_dvmd_lnx.o)
                0x000000000000387c                __aeabi_ldiv0
                0x000000000000387c                __aeabi_idiv0
 .text          0x000000000000388c       0x78 /Users/marmalade/Public/android-ndk-r12/toolchains/arm-linux-androideabi-4.9/prebuilt/darwin-x86_64/bin/../lib/gcc/arm-linux-androideabi/4.9.x/libgcc.a(bpabi.o)
                0x000000000000388c                __gnu_ldivmod_helper
                0x00000000000038c8                __gnu_uldivmod_helper
 .text          0x0000000000003904      0xee8 /Users/marmalade/Public/android-ndk-r12/toolchains/arm-linux-androideabi-4.9/prebuilt/darwin-x86_64/bin/../lib/gcc/arm-linux-androideabi/4.9.x/libgcc.a(unwind-arm.o)
                0x0000000000003d2c                _Unwind_GetCFA
                0x0000000000003d34                __gnu_Unwind_RaiseException
                0x0000000000003dd8                __gnu_Unwind_ForcedUnwind
                0x0000000000003df4                __gnu_Unwind_Resume
                0x0000000000003e68                __gnu_Unwind_Resume_or_Rethrow
                0x0000000000003e88                _Unwind_Complete
                0x0000000000003e8c                _Unwind_DeleteException
                0x0000000000003ea4                _Unwind_VRS_Get
                0x0000000000003f28                _Unwind_VRS_Set
                0x0000000000003fb0                __gnu_Unwind_Backtrace
                0x0000000000004468                __aeabi_unwind_cpp_pr0
                0x0000000000004470                __aeabi_unwind_cpp_pr1
                0x0000000000004478                __aeabi_unwind_cpp_pr2
                0x0000000000004480                _Unwind_VRS_Pop
 .text          0x00000000000047ec      0x1a8 /Users/marmalade/Public/android-ndk-r12/toolchains/arm-linux-androideabi-4.9/prebuilt/darwin-x86_64/bin/../lib/gcc/arm-linux-androideabi/4.9.x/libgcc.a(libunwind.o)
                0x00000000000047ec                restore_core_regs
                0x00000000000047ec                __restore_core_regs
                0x0000000000004800                __gnu_Unwind_Restore_VFP
                0x0000000000004808                __gnu_Unwind_Save_VFP
                0x0000000000004810                __gnu_Unwind_Restore_VFP_D
                0x0000000000004818                __gnu_Unwind_Save_VFP_D
                0x0000000000004820                __gnu_Unwind_Restore_VFP_D_16_to_31
                0x0000000000004828                __gnu_Unwind_Save_VFP_D_16_to_31
                0x0000000000004830                __gnu_Unwind_Restore_WMMXD
                0x0000000000004874                __gnu_Unwind_Save_WMMXD
                0x00000000000048b8                __gnu_Unwind_Restore_WMMXC
                0x00000000000048cc                __gnu_Unwind_Save_WMMXC
                0x00000000000048e0                ___Unwind_RaiseException
                0x00000000000048e0                _Unwind_RaiseException
                0x0000000000004904                _Unwind_Resume
                0x0000000000004904                ___Unwind_Resume
                0x0000000000004928                ___Unwind_Resume_or_Rethrow
                0x0000000000004928                _Unwind_Resume_or_Rethrow
                0x000000000000494c                ___Unwind_ForcedUnwind
                0x000000000000494c                _Unwind_ForcedUnwind
                0x0000000000004970                ___Unwind_Backtrace
                0x0000000000004970                _Unwind_Backtrace
 .text          0x0000000000004994      0x490 /Users/marmalade/Public/android-ndk-r12/toolchains/arm-linux-androideabi-4.9/prebuilt/darwin-x86_64/bin/../lib/gcc/arm-linux-androideabi/4.9.x/libgcc.a(pr-support.o)
                0x0000000000004a20                __gnu_unwind_execute
                0x0000000000004da8                __gnu_unwind_frame
                0x0000000000004de8                _Unwind_GetRegionStart
                0x0000000000004df8                _Unwind_GetLanguageSpecificData
                0x0000000000004e14                _Unwind_GetDataRelBase
                0x0000000000004e1c                _Unwind_GetTextRelBase
 .text          0x0000000000004e24      0x180 /Users/marmalade/Public/android-ndk-r12/toolchains/arm-linux-androideabi-4.9/prebuilt/darwin-x86_64/bin/../lib/gcc/arm-linux-androideabi/4.9.x/libgcc.a(_divdi3.o)
                0x0000000000004e24                __divdi3
 .text          0x0000000000004fa4      0x10c /Users/marmalade/Public/android-ndk-r12/toolchains/arm-linux-androideabi-4.9/prebuilt/darwin-x86_64/bin/../lib/gcc/arm-linux-androideabi/4.9.x/libgcc.a(_udivdi3.o)
                0x0000000000004fa4                __udivdi3
 .text          0x00000000000050b0       0x1c /Users/marmalade/Public/android-ndk-r12/toolchains/arm-linux-androideabi-4.9/prebuilt/darwin-x86_64/bin/../lib/gcc/arm-linux-androideabi/4.9.x/libgcc.a(_lshrdi3.o)
                0x00000000000050b0                __aeabi_llsr
                0x00000000000050b0                __lshrdi3
 .text          0x00000000000050cc       0x1c /Users/marmalade/Public/android-ndk-r12/toolchains/arm-linux-androideabi-4.9/prebuilt/darwin-x86_64/bin/../lib/gcc/arm-linux-androideabi/4.9.x/libgcc.a(_ashldi3.o)
                0x00000000000050cc                __aeabi_llsl
                0x00000000000050cc                __ashldi3
 .text          0x00000000000050e8        0x0 /Users/marmalade/Public/android-ndk-r12/platforms/android-14/arch-arm/usr/lib/crtend_so.o
 *(.gnu.warning)
 *(.glue_7t)
 .glue_7t       0x00000000000050e8        0x0 linker stubs
 *(.glue_7)
 .glue_7        0x00000000000050e8        0x0 linker stubs
 *(.vfp11_veneer)
 .vfp11_veneer  0x00000000000050e8        0x0 linker stubs
 *(.v4_bx)
 .v4_bx         0x00000000000050e8        0x0 linker stubs

.fini
 *(SORT(.fini))
                0x00000000000050e8                PROVIDE (__etext, .)
                0x00000000000050e8                PROVIDE (_etext, .)
                0x00000000000050e8                PROVIDE (etext, .)

.rodata         0x00000000000050e8      0x3b8
 *(.rodata .rodata.* .gnu.linkonce.r.*)
 .rodata        0x00000000000050e8      0x15c debug/PresageEDK_platform.os
 .rodata        0x0000000000005244      0x140 debug/PresageEDK_register.os
 .rodata.str1.4
                0x0000000000005384      0x11c /Applications/Marmalade.app/Contents/s3e/edk/lib/android/libedk.a(IwDebug.o)
                                        0x120 (size before relaxing)

.rodata1
 *(.rodata1)

.ARM.extab      0x00000000000054a0       0x3c
 *(.ARM.extab* .gnu.linkonce.armextab.*)
 .ARM.extab     0x00000000000054a0        0xc /Users/marmalade/Public/android-ndk-r12/toolchains/arm-linux-androideabi-4.9/prebuilt/darwin-x86_64/bin/../lib/gcc/arm-linux-androideabi/4.9.x/libgcc.a(_dvmd_lnx.o)
 .ARM.extab     0x00000000000054ac        0x0 /Users/marmalade/Public/android-ndk-r12/toolchains/arm-linux-androideabi-4.9/prebuilt/darwin-x86_64/bin/../lib/gcc/arm-linux-androideabi/4.9.x/libgcc.a(bpabi.o)
 .ARM.extab     0x00000000000054ac        0x0 /Users/marmalade/Public/android-ndk-r12/toolchains/arm-linux-androideabi-4.9/prebuilt/darwin-x86_64/bin/../lib/gcc/arm-linux-androideabi/4.9.x/libgcc.a(unwind-arm.o)
 .ARM.extab     0x00000000000054ac       0x30 /Users/marmalade/Public/android-ndk-r12/toolchains/arm-linux-androideabi-4.9/prebuilt/darwin-x86_64/bin/../lib/gcc/arm-linux-androideabi/4.9.x/libgcc.a(pr-support.o)
 .ARM.extab     0x00000000000054dc        0x0 /Users/marmalade/Public/android-ndk-r12/toolchains/arm-linux-androideabi-4.9/prebuilt/darwin-x86_64/bin/../lib/gcc/arm-linux-androideabi/4.9.x/libgcc.a(_divdi3.o)
 .ARM.extab     0x00000000000054dc        0x0 /Users/marmalade/Public/android-ndk-r12/toolchains/arm-linux-androideabi-4.9/prebuilt/darwin-x86_64/bin/../lib/gcc/arm-linux-androideabi/4.9.x/libgcc.a(_udivdi3.o)
                0x00000000000054dc                PROVIDE (__exidx_start, .)

.ARM.exidx      0x00000000000054dc      0x118
 *(.ARM.exidx* .gnu.linkonce.armexidx.*)
 .ARM.exidx     0x00000000000054dc        0x8 /Users/marmalade/Public/android-ndk-r12/toolchains/arm-linux-androideabi-4.9/prebuilt/darwin-x86_64/bin/../lib/gcc/arm-linux-androideabi/4.9.x/libgcc.a(_dvmd_lnx.o)
 .ARM.exidx     0x00000000000054e4        0x8 /Users/marmalade/Public/android-ndk-r12/toolchains/arm-linux-androideabi-4.9/prebuilt/darwin-x86_64/bin/../lib/gcc/arm-linux-androideabi/4.9.x/libgcc.a(bpabi.o)
                                         0x10 (size before relaxing)
 .ARM.exidx     0x00000000000054ec       0xa8 /Users/marmalade/Public/android-ndk-r12/toolchains/arm-linux-androideabi-4.9/prebuilt/darwin-x86_64/bin/../lib/gcc/arm-linux-androideabi/4.9.x/libgcc.a(unwind-arm.o)
                                         0xd8 (size before relaxing)
 .ARM.exidx     0x0000000000005594       0x48 /Users/marmalade/Public/android-ndk-r12/toolchains/arm-linux-androideabi-4.9/prebuilt/darwin-x86_64/bin/../lib/gcc/arm-linux-androideabi/4.9.x/libgcc.a(pr-support.o)
 .ARM.exidx     0x00000000000055dc        0x8 /Users/marmalade/Public/android-ndk-r12/toolchains/arm-linux-androideabi-4.9/prebuilt/darwin-x86_64/bin/../lib/gcc/arm-linux-androideabi/4.9.x/libgcc.a(_divdi3.o)
 .ARM.exidx     0x00000000000055e4       0x10 /Users/marmalade/Public/android-ndk-r12/toolchains/arm-linux-androideabi-4.9/prebuilt/darwin-x86_64/bin/../lib/gcc/arm-linux-androideabi/4.9.x/libgcc.a(_udivdi3.o)
                                          0x8 (size before relaxing)
                0x00000000000055f4                PROVIDE (__exidx_end, .)

.eh_frame_hdr   0x00000000000055f4        0x0
 *(.eh_frame_hdr)
 .eh_frame_hdr  0x00000000000055f4        0x0 /Users/marmalade/Public/android-ndk-r12/platforms/android-14/arch-arm/usr/lib/crtend_so.o

.eh_frame
 *(.eh_frame)

.gcc_except_table
 *(.gcc_except_table .gcc_except_table.*)

.exception_ranges
 *(.exception_ranges .exception_ranges*)
                0x0000000000010000                . = ALIGN (0x10000)
                0x0000000000010db8                . = DATA_SEGMENT_ALIGN (0x10000, 0x1000)

.eh_frame
 *(.eh_frame)

.gcc_except_table
 *(.gcc_except_table .gcc_except_table.*)

.exception_ranges
 *(.exception_ranges .exception_ranges*)

.tdata
 *(.tdata .tdata.* .gnu.linkonce.td.*)

.tbss
 *(.tbss .tbss.* .gnu.linkonce.tb.*)
 *(.tcommon)
                0x0000000000010db8                . = ALIGN (0x4)

.preinit_array
 *(.preinit_array)

.init_array     0x0000000000010db8        0x8
 *crtbegin*.o(.init_array)
 *(SORT(.init_array.*) SORT(.ctors.*))
 *(.init_array EXCLUDE_FILE(*crtend*.o *crtend.o *crtbegin*.o *crtbegin.o) .ctors)
 .init_array    0x0000000000010db8        0x4 /Applications/Marmalade.app/Contents/s3e/edk/lib/android/libedk.a(IwDebug.o)
 .init_array    0x0000000000010dbc        0x4 /Users/marmalade/Public/android-ndk-r12/platforms/android-14/arch-arm/usr/lib/crtend_so.o

.fini_array     0x0000000000010dc0        0x8
 *crtbegin*.o(.fini_array)
 .fini_array    0x0000000000010dc0        0x4 /Users/marmalade/Public/android-ndk-r12/platforms/android-14/arch-arm/usr/lib/crtbegin_so.o
 *(SORT(.fini_array.*) SORT(.dtors.*))
 *(.fini_array EXCLUDE_FILE(*crtend*.o *crtend.o *crtbegin*.o *crtbegin.o) .dtors)
 .fini_array    0x0000000000010dc4        0x4 /Users/marmalade/Public/android-ndk-r12/platforms/android-14/arch-arm/usr/lib/crtend_so.o

.ctors
 *crtbegin.o(.ctors)
 *crtbegin*.o(.ctors)
 *(EXCLUDE_FILE(*crtend*.o *crtend.o) .ctors)
 *(SORT(.ctors.*))
 *(.ctors)

.dtors
 *crtbegin.o(.dtors)
 *crtbegin*.o(.dtors)
 *(EXCLUDE_FILE(*crtend*.o *crtend.o) .dtors)
 *(SORT(.dtors.*))
 *(.dtors)

.jcr
 *(.jcr)

.data.rel.ro    0x0000000000010dc8       0x60
 *(.data.rel.ro.local* .gnu.linkonce.d.rel.ro.local.*)
 .data.rel.ro.local
                0x0000000000010dc8       0x60 debug/PresageEDK_platform.os
 *(.data.rel.ro .data.rel.ro.* .gnu.linkonce.d.rel.ro.*)

.dynamic        0x0000000000010e28      0x110
 *(.dynamic)
 .dynamic       0x0000000000010e28      0x110 /Users/marmalade/Public/android-ndk-r12/platforms/android-14/arch-arm/usr/lib/crtbegin_so.o
                0x0000000000010e28                _DYNAMIC

.got            0x0000000000010f38       0xc8
 *(.got.plt)
 .got.plt       0x0000000000010f38       0x90 /Users/marmalade/Public/android-ndk-r12/platforms/android-14/arch-arm/usr/lib/crtbegin_so.o
                0x0000000000010f38                _GLOBAL_OFFSET_TABLE_
 *(.igot.plt)
 .igot.plt      0x0000000000010fc8        0x0 /Users/marmalade/Public/android-ndk-r12/platforms/android-14/arch-arm/usr/lib/crtbegin_so.o
 *(.got)
 .got           0x0000000000010fc8       0x38 /Users/marmalade/Public/android-ndk-r12/platforms/android-14/arch-arm/usr/lib/crtbegin_so.o
 *(.igot)
                0x0000000000011000                . = DATA_SEGMENT_RELRO_END (., 0x0)

.data           0x0000000000011000        0x4
                0x0000000000011000                PROVIDE (__data_start, .)
 *(.data .data.* .gnu.linkonce.d.*)
 .data          0x0000000000011000        0x4 /Users/marmalade/Public/android-ndk-r12/platforms/android-14/arch-arm/usr/lib/crtbegin_so.o
                0x0000000000011000                __dso_handle
 .data          0x0000000000011004        0x0 debug/PresageEDK_platform.os
 .data          0x0000000000011004        0x0 debug/PresageEDK.os
 .data          0x0000000000011004        0x0 debug/PresageEDK_register.os
 .data          0x0000000000011004        0x0 /Applications/Marmalade.app/Contents/s3e/edk/lib/android/libedk.a(IwDebug.o)
 .data          0x0000000000011004        0x0 /Applications/Marmalade.app/Contents/s3e/edk/lib/android/libedk.a(edk_helpers.o)
 .data          0x0000000000011004        0x0 /Applications/Marmalade.app/Contents/s3e/edk/lib/android/libedk.a(android_edk_marker.o)
 .data          0x0000000000011004        0x0 /Users/marmalade/Public/android-ndk-r12/toolchains/arm-linux-androideabi-4.9/prebuilt/darwin-x86_64/bin/../lib/gcc/arm-linux-androideabi/4.9.x/libgcc.a(_aeabi_ldivmod.o)
 .data          0x0000000000011004        0x0 /Users/marmalade/Public/android-ndk-r12/toolchains/arm-linux-androideabi-4.9/prebuilt/darwin-x86_64/bin/../lib/gcc/arm-linux-androideabi/4.9.x/libgcc.a(_dvmd_lnx.o)
 .data          0x0000000000011004        0x0 /Users/marmalade/Public/android-ndk-r12/toolchains/arm-linux-androideabi-4.9/prebuilt/darwin-x86_64/bin/../lib/gcc/arm-linux-androideabi/4.9.x/libgcc.a(bpabi.o)
 .data          0x0000000000011004        0x0 /Users/marmalade/Public/android-ndk-r12/toolchains/arm-linux-androideabi-4.9/prebuilt/darwin-x86_64/bin/../lib/gcc/arm-linux-androideabi/4.9.x/libgcc.a(unwind-arm.o)
 .data          0x0000000000011004        0x0 /Users/marmalade/Public/android-ndk-r12/toolchains/arm-linux-androideabi-4.9/prebuilt/darwin-x86_64/bin/../lib/gcc/arm-linux-androideabi/4.9.x/libgcc.a(libunwind.o)
 .data          0x0000000000011004        0x0 /Users/marmalade/Public/android-ndk-r12/toolchains/arm-linux-androideabi-4.9/prebuilt/darwin-x86_64/bin/../lib/gcc/arm-linux-androideabi/4.9.x/libgcc.a(pr-support.o)
 .data          0x0000000000011004        0x0 /Users/marmalade/Public/android-ndk-r12/toolchains/arm-linux-androideabi-4.9/prebuilt/darwin-x86_64/bin/../lib/gcc/arm-linux-androideabi/4.9.x/libgcc.a(_divdi3.o)
 .data          0x0000000000011004        0x0 /Users/marmalade/Public/android-ndk-r12/toolchains/arm-linux-androideabi-4.9/prebuilt/darwin-x86_64/bin/../lib/gcc/arm-linux-androideabi/4.9.x/libgcc.a(_udivdi3.o)
 .data          0x0000000000011004        0x0 /Users/marmalade/Public/android-ndk-r12/toolchains/arm-linux-androideabi-4.9/prebuilt/darwin-x86_64/bin/../lib/gcc/arm-linux-androideabi/4.9.x/libgcc.a(_lshrdi3.o)
 .data          0x0000000000011004        0x0 /Users/marmalade/Public/android-ndk-r12/toolchains/arm-linux-androideabi-4.9/prebuilt/darwin-x86_64/bin/../lib/gcc/arm-linux-androideabi/4.9.x/libgcc.a(_ashldi3.o)
 .data          0x0000000000011004        0x0 /Users/marmalade/Public/android-ndk-r12/platforms/android-14/arch-arm/usr/lib/crtend_so.o

.data1
 *(.data1)
                0x0000000000011004                _edata = .
                0x0000000000011004                PROVIDE (edata, .)
                0x0000000000011004                __bss_start = .
                0x0000000000011004                __bss_start__ = .

.bss            0x0000000000011004     0x2940
 *(.dynbss)
 .dynbss        0x0000000000011004        0x0 /Users/marmalade/Public/android-ndk-r12/platforms/android-14/arch-arm/usr/lib/crtbegin_so.o
 *(.bss .bss.* .gnu.linkonce.b.*)
 .bss           0x0000000000011004        0x0 /Users/marmalade/Public/android-ndk-r12/platforms/android-14/arch-arm/usr/lib/crtbegin_so.o
 .bss           0x0000000000011004       0x18 debug/PresageEDK_platform.os
 .bss           0x000000000001101c        0x0 debug/PresageEDK.os
 .bss           0x000000000001101c        0x0 debug/PresageEDK_register.os
 .bss           0x000000000001101c     0x2928 /Applications/Marmalade.app/Contents/s3e/edk/lib/android/libedk.a(IwDebug.o)
                0x000000000001101c                g_DebugGlobals
 .bss           0x0000000000013944        0x0 /Applications/Marmalade.app/Contents/s3e/edk/lib/android/libedk.a(edk_helpers.o)
 .bss           0x0000000000013944        0x0 /Applications/Marmalade.app/Contents/s3e/edk/lib/android/libedk.a(android_edk_marker.o)
 .bss           0x0000000000013944        0x0 /Users/marmalade/Public/android-ndk-r12/toolchains/arm-linux-androideabi-4.9/prebuilt/darwin-x86_64/bin/../lib/gcc/arm-linux-androideabi/4.9.x/libgcc.a(_aeabi_ldivmod.o)
 .bss           0x0000000000013944        0x0 /Users/marmalade/Public/android-ndk-r12/toolchains/arm-linux-androideabi-4.9/prebuilt/darwin-x86_64/bin/../lib/gcc/arm-linux-androideabi/4.9.x/libgcc.a(_dvmd_lnx.o)
 .bss           0x0000000000013944        0x0 /Users/marmalade/Public/android-ndk-r12/toolchains/arm-linux-androideabi-4.9/prebuilt/darwin-x86_64/bin/../lib/gcc/arm-linux-androideabi/4.9.x/libgcc.a(bpabi.o)
 .bss           0x0000000000013944        0x0 /Users/marmalade/Public/android-ndk-r12/toolchains/arm-linux-androideabi-4.9/prebuilt/darwin-x86_64/bin/../lib/gcc/arm-linux-androideabi/4.9.x/libgcc.a(unwind-arm.o)
 .bss           0x0000000000013944        0x0 /Users/marmalade/Public/android-ndk-r12/toolchains/arm-linux-androideabi-4.9/prebuilt/darwin-x86_64/bin/../lib/gcc/arm-linux-androideabi/4.9.x/libgcc.a(libunwind.o)
 .bss           0x0000000000013944        0x0 /Users/marmalade/Public/android-ndk-r12/toolchains/arm-linux-androideabi-4.9/prebuilt/darwin-x86_64/bin/../lib/gcc/arm-linux-androideabi/4.9.x/libgcc.a(pr-support.o)
 .bss           0x0000000000013944        0x0 /Users/marmalade/Public/android-ndk-r12/toolchains/arm-linux-androideabi-4.9/prebuilt/darwin-x86_64/bin/../lib/gcc/arm-linux-androideabi/4.9.x/libgcc.a(_divdi3.o)
 .bss           0x0000000000013944        0x0 /Users/marmalade/Public/android-ndk-r12/toolchains/arm-linux-androideabi-4.9/prebuilt/darwin-x86_64/bin/../lib/gcc/arm-linux-androideabi/4.9.x/libgcc.a(_udivdi3.o)
 .bss           0x0000000000013944        0x0 /Users/marmalade/Public/android-ndk-r12/toolchains/arm-linux-androideabi-4.9/prebuilt/darwin-x86_64/bin/../lib/gcc/arm-linux-androideabi/4.9.x/libgcc.a(_lshrdi3.o)
 .bss           0x0000000000013944        0x0 /Users/marmalade/Public/android-ndk-r12/toolchains/arm-linux-androideabi-4.9/prebuilt/darwin-x86_64/bin/../lib/gcc/arm-linux-androideabi/4.9.x/libgcc.a(_ashldi3.o)
 .bss           0x0000000000013944        0x0 /Users/marmalade/Public/android-ndk-r12/platforms/android-14/arch-arm/usr/lib/crtend_so.o
 *(COMMON)
                0x0000000000013944                . = ALIGN (0x4)
                0x0000000000013944                _bss_end__ = .
                0x0000000000013944                __bss_end__ = .
                0x0000000000013944                . = ALIGN (0x4)
                0x0000000000013944                . = SEGMENT_START ("ldata-segment", .)
                0x0000000000013944                . = ALIGN (0x4)
                0x0000000000013944                __end__ = .
                0x0000000000013944                _end = .
                0x0000000000013944                _bss_end__ = .
                0x0000000000013944                __bss_end__ = .
                0x0000000000013944                __end__ = .
                0x0000000000013944                PROVIDE (end, .)
                0x0000000000013944                . = DATA_SEGMENT_END (.)

.stab
 *(.stab)

.stabstr
 *(.stabstr)

.stab.excl
 *(.stab.excl)

.stab.exclstr
 *(.stab.exclstr)

.stab.index
 *(.stab.index)

.stab.indexstr
 *(.stab.indexstr)

.comment        0x0000000000000000       0x4c
 *(.comment)
 .comment       0x0000000000000000       0x27 /Users/marmalade/Public/android-ndk-r12/platforms/android-14/arch-arm/usr/lib/crtbegin_so.o
                                         0x28 (size before relaxing)
 .comment       0x0000000000000027       0x28 debug/PresageEDK_platform.os
 .comment       0x0000000000000027       0x28 debug/PresageEDK.os
 .comment       0x0000000000000027       0x28 debug/PresageEDK_register.os
 .comment       0x0000000000000027       0x25 /Applications/Marmalade.app/Contents/s3e/edk/lib/android/libedk.a(IwDebug.o)
                                         0x26 (size before relaxing)
 .comment       0x000000000000004c       0x26 /Applications/Marmalade.app/Contents/s3e/edk/lib/android/libedk.a(edk_helpers.o)
 .comment       0x000000000000004c       0x26 /Applications/Marmalade.app/Contents/s3e/edk/lib/android/libedk.a(android_edk_marker.o)
 .comment       0x000000000000004c       0x28 /Users/marmalade/Public/android-ndk-r12/toolchains/arm-linux-androideabi-4.9/prebuilt/darwin-x86_64/bin/../lib/gcc/arm-linux-androideabi/4.9.x/libgcc.a(bpabi.o)
 .comment       0x000000000000004c       0x28 /Users/marmalade/Public/android-ndk-r12/toolchains/arm-linux-androideabi-4.9/prebuilt/darwin-x86_64/bin/../lib/gcc/arm-linux-androideabi/4.9.x/libgcc.a(unwind-arm.o)
 .comment       0x000000000000004c       0x28 /Users/marmalade/Public/android-ndk-r12/toolchains/arm-linux-androideabi-4.9/prebuilt/darwin-x86_64/bin/../lib/gcc/arm-linux-androideabi/4.9.x/libgcc.a(pr-support.o)
 .comment       0x000000000000004c       0x28 /Users/marmalade/Public/android-ndk-r12/toolchains/arm-linux-androideabi-4.9/prebuilt/darwin-x86_64/bin/../lib/gcc/arm-linux-androideabi/4.9.x/libgcc.a(_divdi3.o)
 .comment       0x000000000000004c       0x28 /Users/marmalade/Public/android-ndk-r12/toolchains/arm-linux-androideabi-4.9/prebuilt/darwin-x86_64/bin/../lib/gcc/arm-linux-androideabi/4.9.x/libgcc.a(_udivdi3.o)

.ARM.attributes
                0x0000000000000000       0x2d
 .ARM.attributes
                0x0000000000000000       0x2b /Users/marmalade/Public/android-ndk-r12/platforms/android-14/arch-arm/usr/lib/crtbegin_so.o
 .ARM.attributes
                0x000000000000002b       0x2f debug/PresageEDK_platform.os
 .ARM.attributes
                0x000000000000005a       0x2f debug/PresageEDK.os
 .ARM.attributes
                0x0000000000000089       0x2f debug/PresageEDK_register.os
 .ARM.attributes
                0x00000000000000b8       0x2f /Applications/Marmalade.app/Contents/s3e/edk/lib/android/libedk.a(IwDebug.o)
 .ARM.attributes
                0x00000000000000e7       0x2f /Applications/Marmalade.app/Contents/s3e/edk/lib/android/libedk.a(edk_helpers.o)
 .ARM.attributes
                0x0000000000000116       0x2f /Applications/Marmalade.app/Contents/s3e/edk/lib/android/libedk.a(android_edk_marker.o)
 .ARM.attributes
                0x0000000000000145       0x1f /Users/marmalade/Public/android-ndk-r12/toolchains/arm-linux-androideabi-4.9/prebuilt/darwin-x86_64/bin/../lib/gcc/arm-linux-androideabi/4.9.x/libgcc.a(_aeabi_ldivmod.o)
 .ARM.attributes
                0x0000000000000164       0x1f /Users/marmalade/Public/android-ndk-r12/toolchains/arm-linux-androideabi-4.9/prebuilt/darwin-x86_64/bin/../lib/gcc/arm-linux-androideabi/4.9.x/libgcc.a(_dvmd_lnx.o)
 .ARM.attributes
                0x0000000000000183       0x2b /Users/marmalade/Public/android-ndk-r12/toolchains/arm-linux-androideabi-4.9/prebuilt/darwin-x86_64/bin/../lib/gcc/arm-linux-androideabi/4.9.x/libgcc.a(bpabi.o)
 .ARM.attributes
                0x00000000000001ae       0x2b /Users/marmalade/Public/android-ndk-r12/toolchains/arm-linux-androideabi-4.9/prebuilt/darwin-x86_64/bin/../lib/gcc/arm-linux-androideabi/4.9.x/libgcc.a(unwind-arm.o)
 .ARM.attributes
                0x00000000000001d9       0x1f /Users/marmalade/Public/android-ndk-r12/toolchains/arm-linux-androideabi-4.9/prebuilt/darwin-x86_64/bin/../lib/gcc/arm-linux-androideabi/4.9.x/libgcc.a(libunwind.o)
 .ARM.attributes
                0x00000000000001f8       0x2b /Users/marmalade/Public/android-ndk-r12/toolchains/arm-linux-androideabi-4.9/prebuilt/darwin-x86_64/bin/../lib/gcc/arm-linux-androideabi/4.9.x/libgcc.a(pr-support.o)
 .ARM.attributes
                0x0000000000000223       0x2b /Users/marmalade/Public/android-ndk-r12/toolchains/arm-linux-androideabi-4.9/prebuilt/darwin-x86_64/bin/../lib/gcc/arm-linux-androideabi/4.9.x/libgcc.a(_divdi3.o)
 .ARM.attributes
                0x000000000000024e       0x2b /Users/marmalade/Public/android-ndk-r12/toolchains/arm-linux-androideabi-4.9/prebuilt/darwin-x86_64/bin/../lib/gcc/arm-linux-androideabi/4.9.x/libgcc.a(_udivdi3.o)
 .ARM.attributes
                0x0000000000000279       0x1f /Users/marmalade/Public/android-ndk-r12/toolchains/arm-linux-androideabi-4.9/prebuilt/darwin-x86_64/bin/../lib/gcc/arm-linux-androideabi/4.9.x/libgcc.a(_lshrdi3.o)
 .ARM.attributes
                0x0000000000000298       0x1f /Users/marmalade/Public/android-ndk-r12/toolchains/arm-linux-androideabi-4.9/prebuilt/darwin-x86_64/bin/../lib/gcc/arm-linux-androideabi/4.9.x/libgcc.a(_ashldi3.o)
 .ARM.attributes
                0x00000000000002b7       0x1d /Users/marmalade/Public/android-ndk-r12/platforms/android-14/arch-arm/usr/lib/crtend_so.o

.debug
 *(.debug)

.line
 *(.line)

.debug_srcinfo
 *(.debug_srcinfo)

.debug_sfnames
 *(.debug_sfnames)

.debug_aranges  0x0000000000000000      0x200
 *(.debug_aranges)
 .debug_aranges
                0x0000000000000000       0x80 debug/PresageEDK_platform.os
 .debug_aranges
                0x0000000000000080       0x20 debug/PresageEDK.os
 .debug_aranges
                0x00000000000000a0       0x20 debug/PresageEDK_register.os
 .debug_aranges
                0x00000000000000c0       0x20 /Users/marmalade/Public/android-ndk-r12/toolchains/arm-linux-androideabi-4.9/prebuilt/darwin-x86_64/bin/../lib/gcc/arm-linux-androideabi/4.9.x/libgcc.a(_aeabi_ldivmod.o)
 .debug_aranges
                0x00000000000000e0       0x20 /Users/marmalade/Public/android-ndk-r12/toolchains/arm-linux-androideabi-4.9/prebuilt/darwin-x86_64/bin/../lib/gcc/arm-linux-androideabi/4.9.x/libgcc.a(_dvmd_lnx.o)
 .debug_aranges
                0x0000000000000100       0x20 /Users/marmalade/Public/android-ndk-r12/toolchains/arm-linux-androideabi-4.9/prebuilt/darwin-x86_64/bin/../lib/gcc/arm-linux-androideabi/4.9.x/libgcc.a(bpabi.o)
 .debug_aranges
                0x0000000000000120       0x20 /Users/marmalade/Public/android-ndk-r12/toolchains/arm-linux-androideabi-4.9/prebuilt/darwin-x86_64/bin/../lib/gcc/arm-linux-androideabi/4.9.x/libgcc.a(unwind-arm.o)
 .debug_aranges
                0x0000000000000140       0x20 /Users/marmalade/Public/android-ndk-r12/toolchains/arm-linux-androideabi-4.9/prebuilt/darwin-x86_64/bin/../lib/gcc/arm-linux-androideabi/4.9.x/libgcc.a(libunwind.o)
 .debug_aranges
                0x0000000000000160       0x20 /Users/marmalade/Public/android-ndk-r12/toolchains/arm-linux-androideabi-4.9/prebuilt/darwin-x86_64/bin/../lib/gcc/arm-linux-androideabi/4.9.x/libgcc.a(pr-support.o)
 .debug_aranges
                0x0000000000000180       0x20 /Users/marmalade/Public/android-ndk-r12/toolchains/arm-linux-androideabi-4.9/prebuilt/darwin-x86_64/bin/../lib/gcc/arm-linux-androideabi/4.9.x/libgcc.a(_divdi3.o)
 .debug_aranges
                0x00000000000001a0       0x20 /Users/marmalade/Public/android-ndk-r12/toolchains/arm-linux-androideabi-4.9/prebuilt/darwin-x86_64/bin/../lib/gcc/arm-linux-androideabi/4.9.x/libgcc.a(_udivdi3.o)
 .debug_aranges
                0x00000000000001c0       0x20 /Users/marmalade/Public/android-ndk-r12/toolchains/arm-linux-androideabi-4.9/prebuilt/darwin-x86_64/bin/../lib/gcc/arm-linux-androideabi/4.9.x/libgcc.a(_lshrdi3.o)
 .debug_aranges
                0x00000000000001e0       0x20 /Users/marmalade/Public/android-ndk-r12/toolchains/arm-linux-androideabi-4.9/prebuilt/darwin-x86_64/bin/../lib/gcc/arm-linux-androideabi/4.9.x/libgcc.a(_ashldi3.o)

.debug_pubnames
 *(.debug_pubnames)

.debug_info     0x0000000000000000     0x8d3d
 *(.debug_info .gnu.linkonce.wi.*)
 .debug_info    0x0000000000000000     0x5b24 debug/PresageEDK_platform.os
 .debug_info    0x0000000000005b24      0x111 debug/PresageEDK.os
 .debug_info    0x0000000000005c35      0x26b debug/PresageEDK_register.os
 .debug_info    0x0000000000005ea0       0xdf /Users/marmalade/Public/android-ndk-r12/toolchains/arm-linux-androideabi-4.9/prebuilt/darwin-x86_64/bin/../lib/gcc/arm-linux-androideabi/4.9.x/libgcc.a(_aeabi_ldivmod.o)
 .debug_info    0x0000000000005f7f       0xe3 /Users/marmalade/Public/android-ndk-r12/toolchains/arm-linux-androideabi-4.9/prebuilt/darwin-x86_64/bin/../lib/gcc/arm-linux-androideabi/4.9.x/libgcc.a(_dvmd_lnx.o)
 .debug_info    0x0000000000006062      0x160 /Users/marmalade/Public/android-ndk-r12/toolchains/arm-linux-androideabi-4.9/prebuilt/darwin-x86_64/bin/../lib/gcc/arm-linux-androideabi/4.9.x/libgcc.a(bpabi.o)
 .debug_info    0x00000000000061c2     0x1bbc /Users/marmalade/Public/android-ndk-r12/toolchains/arm-linux-androideabi-4.9/prebuilt/darwin-x86_64/bin/../lib/gcc/arm-linux-androideabi/4.9.x/libgcc.a(unwind-arm.o)
 .debug_info    0x0000000000007d7e       0xe3 /Users/marmalade/Public/android-ndk-r12/toolchains/arm-linux-androideabi-4.9/prebuilt/darwin-x86_64/bin/../lib/gcc/arm-linux-androideabi/4.9.x/libgcc.a(libunwind.o)
 .debug_info    0x0000000000007e61      0x8af /Users/marmalade/Public/android-ndk-r12/toolchains/arm-linux-androideabi-4.9/prebuilt/darwin-x86_64/bin/../lib/gcc/arm-linux-androideabi/4.9.x/libgcc.a(pr-support.o)
 .debug_info    0x0000000000008710      0x287 /Users/marmalade/Public/android-ndk-r12/toolchains/arm-linux-androideabi-4.9/prebuilt/darwin-x86_64/bin/../lib/gcc/arm-linux-androideabi/4.9.x/libgcc.a(_divdi3.o)
 .debug_info    0x0000000000008997      0x1e0 /Users/marmalade/Public/android-ndk-r12/toolchains/arm-linux-androideabi-4.9/prebuilt/darwin-x86_64/bin/../lib/gcc/arm-linux-androideabi/4.9.x/libgcc.a(_udivdi3.o)
 .debug_info    0x0000000000008b77       0xe3 /Users/marmalade/Public/android-ndk-r12/toolchains/arm-linux-androideabi-4.9/prebuilt/darwin-x86_64/bin/../lib/gcc/arm-linux-androideabi/4.9.x/libgcc.a(_lshrdi3.o)
 .debug_info    0x0000000000008c5a       0xe3 /Users/marmalade/Public/android-ndk-r12/toolchains/arm-linux-androideabi-4.9/prebuilt/darwin-x86_64/bin/../lib/gcc/arm-linux-androideabi/4.9.x/libgcc.a(_ashldi3.o)

.debug_abbrev   0x0000000000000000      0xe8b
 *(.debug_abbrev)
 .debug_abbrev  0x0000000000000000      0x2f8 debug/PresageEDK_platform.os
 .debug_abbrev  0x00000000000002f8       0x95 debug/PresageEDK.os
 .debug_abbrev  0x000000000000038d      0x138 debug/PresageEDK_register.os
 .debug_abbrev  0x00000000000004c5       0x14 /Users/marmalade/Public/android-ndk-r12/toolchains/arm-linux-androideabi-4.9/prebuilt/darwin-x86_64/bin/../lib/gcc/arm-linux-androideabi/4.9.x/libgcc.a(_aeabi_ldivmod.o)
 .debug_abbrev  0x00000000000004d9       0x14 /Users/marmalade/Public/android-ndk-r12/toolchains/arm-linux-androideabi-4.9/prebuilt/darwin-x86_64/bin/../lib/gcc/arm-linux-androideabi/4.9.x/libgcc.a(_dvmd_lnx.o)
 .debug_abbrev  0x00000000000004ed       0xb5 /Users/marmalade/Public/android-ndk-r12/toolchains/arm-linux-androideabi-4.9/prebuilt/darwin-x86_64/bin/../lib/gcc/arm-linux-androideabi/4.9.x/libgcc.a(bpabi.o)
 .debug_abbrev  0x00000000000005a2      0x413 /Users/marmalade/Public/android-ndk-r12/toolchains/arm-linux-androideabi-4.9/prebuilt/darwin-x86_64/bin/../lib/gcc/arm-linux-androideabi/4.9.x/libgcc.a(unwind-arm.o)
 .debug_abbrev  0x00000000000009b5       0x14 /Users/marmalade/Public/android-ndk-r12/toolchains/arm-linux-androideabi-4.9/prebuilt/darwin-x86_64/bin/../lib/gcc/arm-linux-androideabi/4.9.x/libgcc.a(libunwind.o)
 .debug_abbrev  0x00000000000009c9      0x275 /Users/marmalade/Public/android-ndk-r12/toolchains/arm-linux-androideabi-4.9/prebuilt/darwin-x86_64/bin/../lib/gcc/arm-linux-androideabi/4.9.x/libgcc.a(pr-support.o)
 .debug_abbrev  0x0000000000000c3e      0x144 /Users/marmalade/Public/android-ndk-r12/toolchains/arm-linux-androideabi-4.9/prebuilt/darwin-x86_64/bin/../lib/gcc/arm-linux-androideabi/4.9.x/libgcc.a(_divdi3.o)
 .debug_abbrev  0x0000000000000d82       0xe1 /Users/marmalade/Public/android-ndk-r12/toolchains/arm-linux-androideabi-4.9/prebuilt/darwin-x86_64/bin/../lib/gcc/arm-linux-androideabi/4.9.x/libgcc.a(_udivdi3.o)
 .debug_abbrev  0x0000000000000e63       0x14 /Users/marmalade/Public/android-ndk-r12/toolchains/arm-linux-androideabi-4.9/prebuilt/darwin-x86_64/bin/../lib/gcc/arm-linux-androideabi/4.9.x/libgcc.a(_lshrdi3.o)
 .debug_abbrev  0x0000000000000e77       0x14 /Users/marmalade/Public/android-ndk-r12/toolchains/arm-linux-androideabi-4.9/prebuilt/darwin-x86_64/bin/../lib/gcc/arm-linux-androideabi/4.9.x/libgcc.a(_ashldi3.o)

.debug_line     0x0000000000000000     0x12fc
 *(.debug_line .debug_line.* .debug_line_end)
 .debug_line    0x0000000000000000      0x375 debug/PresageEDK_platform.os
 .debug_line    0x0000000000000375       0xc4 debug/PresageEDK.os
 .debug_line    0x0000000000000439      0x1a3 debug/PresageEDK_register.os
 .debug_line    0x00000000000005dc       0x9b /Users/marmalade/Public/android-ndk-r12/toolchains/arm-linux-androideabi-4.9/prebuilt/darwin-x86_64/bin/../lib/gcc/arm-linux-androideabi/4.9.x/libgcc.a(_aeabi_ldivmod.o)
 .debug_line    0x0000000000000677       0x9a /Users/marmalade/Public/android-ndk-r12/toolchains/arm-linux-androideabi-4.9/prebuilt/darwin-x86_64/bin/../lib/gcc/arm-linux-androideabi/4.9.x/libgcc.a(_dvmd_lnx.o)
 .debug_line    0x0000000000000711       0x9b /Users/marmalade/Public/android-ndk-r12/toolchains/arm-linux-androideabi-4.9/prebuilt/darwin-x86_64/bin/../lib/gcc/arm-linux-androideabi/4.9.x/libgcc.a(bpabi.o)
 .debug_line    0x00000000000007ac      0x558 /Users/marmalade/Public/android-ndk-r12/toolchains/arm-linux-androideabi-4.9/prebuilt/darwin-x86_64/bin/../lib/gcc/arm-linux-androideabi/4.9.x/libgcc.a(unwind-arm.o)
 .debug_line    0x0000000000000d04       0xe4 /Users/marmalade/Public/android-ndk-r12/toolchains/arm-linux-androideabi-4.9/prebuilt/darwin-x86_64/bin/../lib/gcc/arm-linux-androideabi/4.9.x/libgcc.a(libunwind.o)
 .debug_line    0x0000000000000de8      0x1b7 /Users/marmalade/Public/android-ndk-r12/toolchains/arm-linux-androideabi-4.9/prebuilt/darwin-x86_64/bin/../lib/gcc/arm-linux-androideabi/4.9.x/libgcc.a(pr-support.o)
 .debug_line    0x0000000000000f9f      0x118 /Users/marmalade/Public/android-ndk-r12/toolchains/arm-linux-androideabi-4.9/prebuilt/darwin-x86_64/bin/../lib/gcc/arm-linux-androideabi/4.9.x/libgcc.a(_divdi3.o)
 .debug_line    0x00000000000010b7      0x10b /Users/marmalade/Public/android-ndk-r12/toolchains/arm-linux-androideabi-4.9/prebuilt/darwin-x86_64/bin/../lib/gcc/arm-linux-androideabi/4.9.x/libgcc.a(_udivdi3.o)
 .debug_line    0x00000000000011c2       0x9d /Users/marmalade/Public/android-ndk-r12/toolchains/arm-linux-androideabi-4.9/prebuilt/darwin-x86_64/bin/../lib/gcc/arm-linux-androideabi/4.9.x/libgcc.a(_lshrdi3.o)
 .debug_line    0x000000000000125f       0x9d /Users/marmalade/Public/android-ndk-r12/toolchains/arm-linux-androideabi-4.9/prebuilt/darwin-x86_64/bin/../lib/gcc/arm-linux-androideabi/4.9.x/libgcc.a(_ashldi3.o)

.debug_frame    0x0000000000000000      0x9a8
 *(.debug_frame)
 .debug_frame   0x0000000000000000      0x37c debug/PresageEDK_platform.os
 .debug_frame   0x000000000000037c       0xb8 debug/PresageEDK.os
 .debug_frame   0x0000000000000434       0xf4 debug/PresageEDK_register.os
 .debug_frame   0x0000000000000528       0x28 /Users/marmalade/Public/android-ndk-r12/toolchains/arm-linux-androideabi-4.9/prebuilt/darwin-x86_64/bin/../lib/gcc/arm-linux-androideabi/4.9.x/libgcc.a(_aeabi_ldivmod.o)
 .debug_frame   0x0000000000000550       0x50 /Users/marmalade/Public/android-ndk-r12/toolchains/arm-linux-androideabi-4.9/prebuilt/darwin-x86_64/bin/../lib/gcc/arm-linux-androideabi/4.9.x/libgcc.a(bpabi.o)
 .debug_frame   0x00000000000005a0      0x2ac /Users/marmalade/Public/android-ndk-r12/toolchains/arm-linux-androideabi-4.9/prebuilt/darwin-x86_64/bin/../lib/gcc/arm-linux-androideabi/4.9.x/libgcc.a(unwind-arm.o)
 .debug_frame   0x000000000000084c       0xe8 /Users/marmalade/Public/android-ndk-r12/toolchains/arm-linux-androideabi-4.9/prebuilt/darwin-x86_64/bin/../lib/gcc/arm-linux-androideabi/4.9.x/libgcc.a(pr-support.o)
 .debug_frame   0x0000000000000934       0x3c /Users/marmalade/Public/android-ndk-r12/toolchains/arm-linux-androideabi-4.9/prebuilt/darwin-x86_64/bin/../lib/gcc/arm-linux-androideabi/4.9.x/libgcc.a(_divdi3.o)
 .debug_frame   0x0000000000000970       0x38 /Users/marmalade/Public/android-ndk-r12/toolchains/arm-linux-androideabi-4.9/prebuilt/darwin-x86_64/bin/../lib/gcc/arm-linux-androideabi/4.9.x/libgcc.a(_udivdi3.o)

.debug_str      0x0000000000000000     0x5c0a
 *(.debug_str)
 .debug_str     0x0000000000000000     0x4b57 debug/PresageEDK_platform.os
                                       0x4ce1 (size before relaxing)
 .debug_str     0x0000000000004b57       0x98 debug/PresageEDK.os
                                        0x2c1 (size before relaxing)
 .debug_str     0x0000000000004bef      0x135 debug/PresageEDK_register.os
                                        0x466 (size before relaxing)
 .debug_str     0x0000000000004d24      0x192 /Users/marmalade/Public/android-ndk-r12/toolchains/arm-linux-androideabi-4.9/prebuilt/darwin-x86_64/bin/../lib/gcc/arm-linux-androideabi/4.9.x/libgcc.a(bpabi.o)
                                        0x1b7 (size before relaxing)
 .debug_str     0x0000000000004eb6      0xb9a /Users/marmalade/Public/android-ndk-r12/toolchains/arm-linux-androideabi-4.9/prebuilt/darwin-x86_64/bin/../lib/gcc/arm-linux-androideabi/4.9.x/libgcc.a(unwind-arm.o)
                                        0xcaf (size before relaxing)
 .debug_str     0x0000000000005a50      0x110 /Users/marmalade/Public/android-ndk-r12/toolchains/arm-linux-androideabi-4.9/prebuilt/darwin-x86_64/bin/../lib/gcc/arm-linux-androideabi/4.9.x/libgcc.a(pr-support.o)
                                        0x5b3 (size before relaxing)
 .debug_str     0x0000000000005b60       0xaa /Users/marmalade/Public/android-ndk-r12/toolchains/arm-linux-androideabi-4.9/prebuilt/darwin-x86_64/bin/../lib/gcc/arm-linux-androideabi/4.9.x/libgcc.a(_divdi3.o)
                                        0x2b7 (size before relaxing)
 .debug_str     0x0000000000005c0a      0x294 /Users/marmalade/Public/android-ndk-r12/toolchains/arm-linux-androideabi-4.9/prebuilt/darwin-x86_64/bin/../lib/gcc/arm-linux-androideabi/4.9.x/libgcc.a(_udivdi3.o)

.debug_loc      0x0000000000000000     0x214c
 *(.debug_loc)
 .debug_loc     0x0000000000000000       0xa0 /Users/marmalade/Public/android-ndk-r12/toolchains/arm-linux-androideabi-4.9/prebuilt/darwin-x86_64/bin/../lib/gcc/arm-linux-androideabi/4.9.x/libgcc.a(bpabi.o)
 .debug_loc     0x00000000000000a0     0x15d5 /Users/marmalade/Public/android-ndk-r12/toolchains/arm-linux-androideabi-4.9/prebuilt/darwin-x86_64/bin/../lib/gcc/arm-linux-androideabi/4.9.x/libgcc.a(unwind-arm.o)
 .debug_loc     0x0000000000001675      0x52f /Users/marmalade/Public/android-ndk-r12/toolchains/arm-linux-androideabi-4.9/prebuilt/darwin-x86_64/bin/../lib/gcc/arm-linux-androideabi/4.9.x/libgcc.a(pr-support.o)
 .debug_loc     0x0000000000001ba4      0x289 /Users/marmalade/Public/android-ndk-r12/toolchains/arm-linux-androideabi-4.9/prebuilt/darwin-x86_64/bin/../lib/gcc/arm-linux-androideabi/4.9.x/libgcc.a(_divdi3.o)
 .debug_loc     0x0000000000001e2d      0x31f /Users/marmalade/Public/android-ndk-r12/toolchains/arm-linux-androideabi-4.9/prebuilt/darwin-x86_64/bin/../lib/gcc/arm-linux-androideabi/4.9.x/libgcc.a(_udivdi3.o)

.debug_macinfo
 *(.debug_macinfo)

.debug_weaknames
 *(.debug_weaknames)

.debug_funcnames
 *(.debug_funcnames)

.debug_typenames
 *(.debug_typenames)

.debug_varnames
 *(.debug_varnames)

.debug_pubtypes
 *(.debug_pubtypes)

.debug_ranges   0x0000000000000000      0x180
 *(.debug_ranges)
 .debug_ranges  0x0000000000000000       0x70 debug/PresageEDK_platform.os
 .debug_ranges  0x0000000000000070       0xb0 /Users/marmalade/Public/android-ndk-r12/toolchains/arm-linux-androideabi-4.9/prebuilt/darwin-x86_64/bin/../lib/gcc/arm-linux-androideabi/4.9.x/libgcc.a(unwind-arm.o)
 .debug_ranges  0x0000000000000120       0x30 /Users/marmalade/Public/android-ndk-r12/toolchains/arm-linux-androideabi-4.9/prebuilt/darwin-x86_64/bin/../lib/gcc/arm-linux-androideabi/4.9.x/libgcc.a(pr-support.o)
 .debug_ranges  0x0000000000000150       0x18 /Users/marmalade/Public/android-ndk-r12/toolchains/arm-linux-androideabi-4.9/prebuilt/darwin-x86_64/bin/../lib/gcc/arm-linux-androideabi/4.9.x/libgcc.a(_divdi3.o)
 .debug_ranges  0x0000000000000168       0x18 /Users/marmalade/Public/android-ndk-r12/toolchains/arm-linux-androideabi-4.9/prebuilt/darwin-x86_64/bin/../lib/gcc/arm-linux-androideabi/4.9.x/libgcc.a(_udivdi3.o)

.debug_macro
 *(.debug_macro)

.gnu.attributes
 *(.gnu.attributes)

.note.gnu.arm.ident
 *(.note.gnu.arm.ident)

/DISCARD/
 *(.note.GNU-stack)
 *(.gnu_debuglink)
 *(.gnu.lto_*)
 *(.mdebug.*)
OUTPUT(/Users/marmalade/Public/marmalade/Presage/lib/android/libPresageEDK_d.so elf32-littlearm)
